Component: ARM Compiler 5.06 (build 20) Tool: armlink [4d35a3]

==============================================================================

Section Cross References

    main.o(i.SysTick_Handler) refers to main.o(.data) for tick
    main.o(i.delay_ms) refers to main.o(.data) for tick
    main.o(i.init) refers to main.o(i.init_HCLK) for init_HCLK
    main.o(i.init) refers to aeabi_sdiv.o(.text) for __aeabi_uidivmod
    main.o(i.init) refers to main.o(i.NVIC_SetPriority) for NVIC_SetPriority
    main.o(i.init) refers to system_nano100series.o(.data) for SystemCoreClock
    main.o(i.initMax30102) refers to myi2c.o(i.i2c_start) for i2c_start
    main.o(i.initMax30102) refers to myi2c.o(i.i2c_write) for i2c_write
    main.o(i.initMax30102) refers to myi2c.o(i.i2c_read) for i2c_read
    main.o(i.initMax30102) refers to myi2c.o(i.i2c_stop) for i2c_stop
    main.o(i.initMax30102) refers to main.o(i.delay_ms) for delay_ms
    main.o(i.initMax30102) refers to main.o(.data) for partID
    main.o(i.init_HCLK) refers to main.o(i.SYS_UnlockReg) for SYS_UnlockReg
    main.o(i.init_HCLK) refers to clk.o(i.CLK_EnableXtalRC) for CLK_EnableXtalRC
    main.o(i.init_HCLK) refers to clk.o(i.CLK_WaitClockReady) for CLK_WaitClockReady
    main.o(i.init_HCLK) refers to clk.o(i.CLK_SetHCLK) for CLK_SetHCLK
    main.o(i.init_HCLK) refers to main.o(i.SYS_LockReg) for SYS_LockReg
    main.o(i.init_TIMER0) refers to main.o(i.SYS_UnlockReg) for SYS_UnlockReg
    main.o(i.init_TIMER0) refers to clk.o(i.CLK_EnableModuleClock) for CLK_EnableModuleClock
    main.o(i.init_TIMER0) refers to clk.o(i.CLK_SetModuleClock) for CLK_SetModuleClock
    main.o(i.init_TIMER0) refers to main.o(i.SYS_LockReg) for SYS_LockReg
    main.o(i.init_TIMER0) refers to timer.o(i.TIMER_Open) for TIMER_Open
    main.o(i.init_TIMER0) refers to main.o(i.NVIC_EnableIRQ) for NVIC_EnableIRQ
    main.o(i.init_UART0) refers to main.o(i.SYS_UnlockReg) for SYS_UnlockReg
    main.o(i.init_UART0) refers to clk.o(i.CLK_EnableModuleClock) for CLK_EnableModuleClock
    main.o(i.init_UART0) refers to clk.o(i.CLK_SetModuleClock) for CLK_SetModuleClock
    main.o(i.init_UART0) refers to main.o(i.SYS_LockReg) for SYS_LockReg
    main.o(i.init_UART0) refers to uart.o(i.UART_Open) for UART_Open
    main.o(i.init_UART0) refers to main.o(i.NVIC_EnableIRQ) for NVIC_EnableIRQ
    main.o(i.init_UART1) refers to main.o(i.SYS_UnlockReg) for SYS_UnlockReg
    main.o(i.init_UART1) refers to clk.o(i.CLK_EnableModuleClock) for CLK_EnableModuleClock
    main.o(i.init_UART1) refers to clk.o(i.CLK_SetModuleClock) for CLK_SetModuleClock
    main.o(i.init_UART1) refers to main.o(i.SYS_LockReg) for SYS_LockReg
    main.o(i.init_UART1) refers to uart.o(i.UART_Open) for UART_Open
    main.o(i.init_UART1) refers to main.o(i.NVIC_EnableIRQ) for NVIC_EnableIRQ
    main.o(i.main) refers to _printf_percent.o(.ARM.Collect$$_printf_percent$$00000000) for _printf_percent
    main.o(i.main) refers to _printf_d.o(.ARM.Collect$$_printf_percent$$00000009) for _printf_d
    main.o(i.main) refers to _printf_dec.o(.text) for _printf_int_dec
    main.o(i.main) refers to main.o(i.init) for init
    main.o(i.main) refers to main.o(i.init_UART0) for init_UART0
    main.o(i.main) refers to main.o(i.init_UART1) for init_UART1
    main.o(i.main) refers to main.o(i.init_TIMER0) for init_TIMER0
    main.o(i.main) refers to main.o(i.delay_ms) for delay_ms
    main.o(i.main) refers to main.o(i.initMax30102) for initMax30102
    main.o(i.main) refers to myi2c.o(i.i2c_start) for i2c_start
    main.o(i.main) refers to myi2c.o(i.i2c_write) for i2c_write
    main.o(i.main) refers to myi2c.o(i.i2c_read) for i2c_read
    main.o(i.main) refers to myi2c.o(i.i2c_stop) for i2c_stop
    main.o(i.main) refers to noretval__2printf.o(.text) for __2printf
    main.o(i.main) refers to main.o(.data) for FIFOread
    main.o(i.main) refers to main.o(.bss) for MAX30102data
    myi2c.o(i.i2c_read) refers to myi2c.o(i.delay) for delay
    myi2c.o(i.i2c_start) refers to gpio.o(i.GPIO_SetMode) for GPIO_SetMode
    myi2c.o(i.i2c_start) refers to myi2c.o(i.delay) for delay
    myi2c.o(i.i2c_stop) refers to myi2c.o(i.delay) for delay
    myi2c.o(i.i2c_write) refers to myi2c.o(i.delay) for delay
    mylcd.o(i.lcd_bat) refers to mylcd.o(i.lcd_cmd) for lcd_cmd
    mylcd.o(i.lcd_bat) refers to mylcd.o(i.lcd_put) for lcd_put
    mylcd.o(i.lcd_cmd) refers to mylcd.o(i.delay) for delay
    mylcd.o(i.lcd_init) refers to mylcd.o(i.lcd_cmd) for lcd_cmd
    mylcd.o(i.lcd_init) refers to mylcd.o(i.lcd_print) for lcd_print
    mylcd.o(i.lcd_make) refers to rt_memcpy.o(.emb_text) for __aeabi_memcpy4
    mylcd.o(i.lcd_make) refers to mylcd.o(i.lcd_cmd) for lcd_cmd
    mylcd.o(i.lcd_make) refers to mylcd.o(i.lcd_put) for lcd_put
    mylcd.o(i.lcd_print) refers to mylcd.o(i.lcd_cmd) for lcd_cmd
    mylcd.o(i.lcd_print) refers to mylcd.o(i.lcd_put) for lcd_put
    mylcd.o(i.lcd_put) refers to mylcd.o(i.delay) for delay
    clk.o(i.CLK_EnablePLL) refers to aeabi_sdiv.o(.text) for __aeabi_uidivmod
    clk.o(i.CLK_EnablePLL) refers to clk.o(i.CLK_WaitClockReady) for CLK_WaitClockReady
    clk.o(i.CLK_EnablePLL) refers to clk.o(i.CLK_GetPLLClockFreq) for CLK_GetPLLClockFreq
    clk.o(i.CLK_EnablePLL) refers to clk.o(.constdata) for .constdata
    clk.o(i.CLK_EnableXtalRC) refers to clk.o(i.CLK_WaitClockReady) for CLK_WaitClockReady
    clk.o(i.CLK_GetCPUFreq) refers to system_nano100series.o(i.SystemCoreClockUpdate) for SystemCoreClockUpdate
    clk.o(i.CLK_GetCPUFreq) refers to system_nano100series.o(.data) for SystemCoreClock
    clk.o(i.CLK_GetHCLKFreq) refers to system_nano100series.o(i.SystemCoreClockUpdate) for SystemCoreClockUpdate
    clk.o(i.CLK_GetHCLKFreq) refers to system_nano100series.o(.data) for SystemCoreClock
    clk.o(i.CLK_GetPLLClockFreq) refers to aeabi_sdiv.o(.text) for __aeabi_uidivmod
    clk.o(i.CLK_SetCoreClock) refers to clk.o(i.CLK_EnableXtalRC) for CLK_EnableXtalRC
    clk.o(i.CLK_SetCoreClock) refers to clk.o(i.CLK_SetHCLK) for CLK_SetHCLK
    clk.o(i.CLK_SetCoreClock) refers to clk.o(i.CLK_EnablePLL) for CLK_EnablePLL
    clk.o(i.CLK_SetCoreClock) refers to system_nano100series.o(.data) for SystemCoreClock
    clk.o(i.CLK_SetHCLK) refers to clk.o(i.CLK_WaitClockReady) for CLK_WaitClockReady
    clk.o(i.CLK_SetHCLK) refers to system_nano100series.o(i.SystemCoreClockUpdate) for SystemCoreClockUpdate
    clk.o(i.CLK_SysTickDelay) refers to system_nano100series.o(.data) for CyclesPerUs
    i2c.o(i.I2C_GetBusClockFreq) refers to aeabi_sdiv.o(.text) for __aeabi_uidivmod
    i2c.o(i.I2C_GetBusClockFreq) refers to system_nano100series.o(.data) for SystemCoreClock
    i2c.o(i.I2C_Open) refers to aeabi_sdiv.o(.text) for __aeabi_uidivmod
    i2c.o(i.I2C_Open) refers to system_nano100series.o(.data) for SystemCoreClock
    i2c.o(i.I2C_SetBusClockFreq) refers to aeabi_sdiv.o(.text) for __aeabi_uidivmod
    i2c.o(i.I2C_SetBusClockFreq) refers to system_nano100series.o(.data) for SystemCoreClock
    timer.o(i.TIMER_Delay) refers to timer.o(i.TIMER_GetModuleClock) for TIMER_GetModuleClock
    timer.o(i.TIMER_Delay) refers to aeabi_sdiv.o(.text) for __aeabi_uidivmod
    timer.o(i.TIMER_Delay) refers to timer.o(i.__ARM_common_ll_muluu) for __ARM_common_ll_muluu
    timer.o(i.TIMER_Delay) refers to llsdiv.o(.text) for __aeabi_ldivmod
    timer.o(i.TIMER_Delay) refers to system_nano100series.o(.data) for SystemCoreClock
    timer.o(i.TIMER_GetModuleClock) refers to timer.o(.constdata) for .constdata
    timer.o(i.TIMER_Open) refers to timer.o(i.TIMER_GetModuleClock) for TIMER_GetModuleClock
    timer.o(i.TIMER_Open) refers to aeabi_sdiv.o(.text) for __aeabi_uidivmod
    uart.o(i.UART_Open) refers to system_nano100series.o(i.SysGet_PLLClockFreq) for SysGet_PLLClockFreq
    uart.o(i.UART_Open) refers to aeabi_sdiv.o(.text) for __aeabi_uidivmod
    uart.o(i.UART_Open) refers to uart.o(.constdata) for .constdata
    uart.o(i.UART_SelectIrDAMode) refers to system_nano100series.o(i.SysGet_PLLClockFreq) for SysGet_PLLClockFreq
    uart.o(i.UART_SelectIrDAMode) refers to aeabi_sdiv.o(.text) for __aeabi_uidivmod
    uart.o(i.UART_SelectIrDAMode) refers to uart.o(.constdata) for .constdata
    uart.o(i.UART_SetLine_Config) refers to system_nano100series.o(i.SysGet_PLLClockFreq) for SysGet_PLLClockFreq
    uart.o(i.UART_SetLine_Config) refers to aeabi_sdiv.o(.text) for __aeabi_uidivmod
    uart.o(i.UART_SetLine_Config) refers to uart.o(.constdata) for .constdata
    retarget.o(.emb_text) refers to retarget.o(i.Hard_Fault_Handler) for Hard_Fault_Handler
    retarget.o(i.Hard_Fault_Handler) refers to noretval__2printf.o(.text) for __2printf
    retarget.o(i.Hard_Fault_Handler) refers to retarget.o(i.stackDump) for stackDump
    retarget.o(i.SendChar) refers to retarget.o(i.SendChar_ToUART) for SendChar_ToUART
    retarget.o(i._ttywrch) refers to retarget.o(i.SendChar) for SendChar
    retarget.o(i.fgetc) refers to retarget.o(i.GetChar) for GetChar
    retarget.o(i.fputc) refers to retarget.o(i.SendChar) for SendChar
    retarget.o(i.stackDump) refers to _printf_percent.o(.ARM.Collect$$_printf_percent$$00000000) for _printf_percent
    retarget.o(i.stackDump) refers to _printf_x.o(.ARM.Collect$$_printf_percent$$0000000C) for _printf_x
    retarget.o(i.stackDump) refers to _printf_hex_int.o(.text) for _printf_longlong_hex
    retarget.o(i.stackDump) refers to noretval__2printf.o(.text) for __2printf
    startup_nano100series.o(STACK) refers (Special) to heapauxi.o(.text) for __use_two_region_memory
    startup_nano100series.o(HEAP) refers (Special) to heapauxi.o(.text) for __use_two_region_memory
    startup_nano100series.o(RESET) refers (Special) to heapauxi.o(.text) for __use_two_region_memory
    startup_nano100series.o(RESET) refers to startup_nano100series.o(STACK) for __initial_sp
    startup_nano100series.o(RESET) refers to startup_nano100series.o(.text) for Reset_Handler
    startup_nano100series.o(RESET) refers to retarget.o(.emb_text) for HardFault_Handler
    startup_nano100series.o(RESET) refers to main.o(i.SysTick_Handler) for SysTick_Handler
    startup_nano100series.o(RESET) refers to main.o(i.TMR0_IRQHandler) for TMR0_IRQHandler
    startup_nano100series.o(RESET) refers to main.o(i.UART0_IRQHandler) for UART0_IRQHandler
    startup_nano100series.o(RESET) refers to main.o(i.UART1_IRQHandler) for UART1_IRQHandler
    startup_nano100series.o(.text) refers (Special) to heapauxi.o(.text) for __use_two_region_memory
    startup_nano100series.o(.text) refers to __main.o(!!!main) for __main
    startup_nano100series.o(.text) refers to startup_nano100series.o(HEAP) for Heap_Mem
    startup_nano100series.o(.text) refers to startup_nano100series.o(STACK) for Stack_Mem
    system_nano100series.o(i.SysGet_HCLKFreq) refers to system_nano100series.o(i.SysGet_PLLClockFreq) for SysGet_PLLClockFreq
    system_nano100series.o(i.SysGet_HCLKFreq) refers to aeabi_sdiv.o(.text) for __aeabi_uidivmod
    system_nano100series.o(i.SysGet_PLLClockFreq) refers to aeabi_sdiv.o(.text) for __aeabi_uidivmod
    system_nano100series.o(i.SystemCoreClockUpdate) refers to system_nano100series.o(i.SysGet_HCLKFreq) for SysGet_HCLKFreq
    system_nano100series.o(i.SystemCoreClockUpdate) refers to aeabi_sdiv.o(.text) for __aeabi_uidivmod
    system_nano100series.o(i.SystemCoreClockUpdate) refers to system_nano100series.o(.data) for SystemCoreClock
    llsdiv.o(.text) refers to lludiv.o(.text) for __aeabi_uldivmod
    __2printf.o(.text) refers to _printf_char_file.o(.text) for _printf_char_file
    __2printf.o(.text) refers to retarget.o(.data) for __stdout
    noretval__2printf.o(.text) refers to _printf_char_file.o(.text) for _printf_char_file
    noretval__2printf.o(.text) refers to retarget.o(.data) for __stdout
    __printf.o(.text) refers to _printf_percent.o(.ARM.Collect$$_printf_percent$$00000000) for _printf_percent
    _printf_dec.o(.text) refers to rtudiv10.o(.text) for __rt_udiv10
    _printf_dec.o(.text) refers to _printf_intcommon.o(.text) for _printf_int_common
    _printf_hex_ll.o(.text) refers to _printf_intcommon.o(.text) for _printf_int_common
    _printf_hex_ll.o(.text) refers to _printf_hex_ll.o(.constdata) for .constdata
    _printf_hex_int.o(.text) refers to _printf_intcommon.o(.text) for _printf_int_common
    _printf_hex_int.o(.text) refers to _printf_hex_int.o(.constdata) for .constdata
    _printf_hex_int_ll.o(.text) refers to _printf_intcommon.o(.text) for _printf_int_common
    _printf_hex_int_ll.o(.text) refers to _printf_hex_int_ll.o(.constdata) for .constdata
    _printf_hex_ptr.o(.text) refers to _printf_intcommon.o(.text) for _printf_int_common
    _printf_hex_ptr.o(.text) refers to _printf_hex_ptr.o(.constdata) for .constdata
    _printf_hex_int_ptr.o(.text) refers to _printf_intcommon.o(.text) for _printf_int_common
    _printf_hex_int_ptr.o(.text) refers to _printf_hex_int_ptr.o(.constdata) for .constdata
    _printf_hex_ll_ptr.o(.text) refers to _printf_intcommon.o(.text) for _printf_int_common
    _printf_hex_ll_ptr.o(.text) refers to _printf_hex_ll_ptr.o(.constdata) for .constdata
    _printf_hex_int_ll_ptr.o(.text) refers to _printf_intcommon.o(.text) for _printf_int_common
    _printf_hex_int_ll_ptr.o(.text) refers to _printf_hex_int_ll_ptr.o(.constdata) for .constdata
    __printf_flags.o(.text) refers to _printf_percent.o(.ARM.Collect$$_printf_percent$$00000000) for _printf_percent
    __printf_flags.o(.text) refers to __printf_flags.o(.constdata) for .constdata
    __printf_ss.o(.text) refers to _printf_percent.o(.ARM.Collect$$_printf_percent$$00000000) for _printf_percent
    __printf_flags_ss.o(.text) refers to _printf_percent.o(.ARM.Collect$$_printf_percent$$00000000) for _printf_percent
    __printf_flags_ss.o(.text) refers to __printf_flags_ss.o(.constdata) for .constdata
    __printf_wp.o(.text) refers to __printf_wp.o(i._is_digit) for _is_digit
    __printf_wp.o(.text) refers to _printf_percent.o(.ARM.Collect$$_printf_percent$$00000000) for _printf_percent
    __printf_flags_wp.o(.text) refers to __printf_wp.o(i._is_digit) for _is_digit
    __printf_flags_wp.o(.text) refers to _printf_percent.o(.ARM.Collect$$_printf_percent$$00000000) for _printf_percent
    __printf_flags_wp.o(.text) refers to __printf_flags_wp.o(.constdata) for .constdata
    __printf_ss_wp.o(.text) refers to __printf_wp.o(i._is_digit) for _is_digit
    __printf_ss_wp.o(.text) refers to _printf_percent.o(.ARM.Collect$$_printf_percent$$00000000) for _printf_percent
    __printf_flags_ss_wp.o(.text) refers to __printf_wp.o(i._is_digit) for _is_digit
    __printf_flags_ss_wp.o(.text) refers to _printf_percent.o(.ARM.Collect$$_printf_percent$$00000000) for _printf_percent
    __printf_flags_ss_wp.o(.text) refers to __printf_flags_ss_wp.o(.constdata) for .constdata
    _printf_x.o(.ARM.Collect$$_printf_percent$$0000000C) refers (Weak) to _printf_hex_int.o(.text) for _printf_int_hex
    _printf_d.o(.ARM.Collect$$_printf_percent$$00000009) refers (Weak) to _printf_dec.o(.text) for _printf_int_dec
    _printf_percent.o(.ARM.Collect$$_printf_percent$$00000000) refers (Special) to _printf_percent_end.o(.ARM.Collect$$_printf_percent$$00000017) for _printf_percent_end
    rt_memcpy.o(.text) refers to rt_memcpy.o(.emb_text) for __aeabi_memcpy4
    __main.o(!!!main) refers to __rtentry.o(.ARM.Collect$$rtentry$$00000000) for __rt_entry
    __rtentry.o(.ARM.Collect$$rtentry$$00000000) refers (Special) to __rtentry2.o(.ARM.Collect$$rtentry$$0000000A) for __rt_entry_li
    __rtentry.o(.ARM.Collect$$rtentry$$00000000) refers (Special) to __rtentry2.o(.ARM.Collect$$rtentry$$0000000D) for __rt_entry_main
    __rtentry.o(.ARM.Collect$$rtentry$$00000000) refers (Special) to __rtentry2.o(.ARM.Collect$$rtentry$$0000000C) for __rt_entry_postli_1
    __rtentry.o(.ARM.Collect$$rtentry$$00000000) refers (Special) to __rtentry2.o(.ARM.Collect$$rtentry$$00000009) for __rt_entry_postsh_1
    __rtentry.o(.ARM.Collect$$rtentry$$00000000) refers (Special) to __rtentry2.o(.ARM.Collect$$rtentry$$00000002) for __rt_entry_presh_1
    __rtentry.o(.ARM.Collect$$rtentry$$00000000) refers (Special) to __rtentry4.o(.ARM.Collect$$rtentry$$00000004) for __rt_entry_sh
    aeabi_idiv0_sigfpe.o(.text) refers to rt_div0.o(.text) for __rt_div0
    _printf_char_file.o(.text) refers to _printf_char_common.o(.text) for _printf_char_common
    _printf_char_file.o(.text) refers to retarget.o(i.ferror) for ferror
    _printf_char_file.o(.text) refers to retarget.o(i.fputc) for fputc
    __rtentry2.o(.ARM.Collect$$rtentry$$00000008) refers to boardinit2.o(.text) for _platform_post_stackheap_init
    __rtentry2.o(.ARM.Collect$$rtentry$$0000000A) refers to libinit.o(.ARM.Collect$$libinit$$00000000) for __rt_lib_init
    __rtentry2.o(.ARM.Collect$$rtentry$$0000000B) refers to boardinit3.o(.text) for _platform_post_lib_init
    __rtentry2.o(.ARM.Collect$$rtentry$$0000000D) refers to main.o(i.main) for main
    __rtentry2.o(.ARM.Collect$$rtentry$$0000000D) refers to exit.o(.text) for exit
    __rtentry2.o(.ARM.exidx) refers to __rtentry2.o(.ARM.Collect$$rtentry$$00000001) for .ARM.Collect$$rtentry$$00000001
    __rtentry2.o(.ARM.exidx) refers to __rtentry2.o(.ARM.Collect$$rtentry$$00000008) for .ARM.Collect$$rtentry$$00000008
    __rtentry2.o(.ARM.exidx) refers to __rtentry2.o(.ARM.Collect$$rtentry$$0000000A) for .ARM.Collect$$rtentry$$0000000A
    __rtentry2.o(.ARM.exidx) refers to __rtentry2.o(.ARM.Collect$$rtentry$$0000000B) for .ARM.Collect$$rtentry$$0000000B
    __rtentry2.o(.ARM.exidx) refers to __rtentry2.o(.ARM.Collect$$rtentry$$0000000D) for .ARM.Collect$$rtentry$$0000000D
    __rtentry4.o(.ARM.Collect$$rtentry$$00000004) refers to sys_stackheap_outer.o(.text) for __user_setup_stackheap
    __rtentry4.o(.ARM.exidx) refers to __rtentry4.o(.ARM.Collect$$rtentry$$00000004) for .ARM.Collect$$rtentry$$00000004
    rt_div0.o(.text) refers to defsig_fpe_outer.o(.text) for __rt_SIGFPE
    aeabi_ldiv0_sigfpe.o(.text) refers to rt_div0.o(.text) for __rt_div0
    _printf_char_common.o(.text) refers to __printf_wp.o(.text) for __printf
    sys_stackheap_outer.o(.text) refers to libspace.o(.text) for __user_perproc_libspace
    sys_stackheap_outer.o(.text) refers to startup_nano100series.o(.text) for __user_initial_stackheap
    sys_stackheap_outer.o(__vectab_stack_and_reset_area) refers to tempstk.o(.text) for __temporary_stack_top
    sys_stackheap_outer.o(__vectab_stack_and_reset_area) refers to __main.o(!!!main) for __main
    exit.o(.text) refers to rtexit.o(.ARM.Collect$$rtexit$$00000000) for __rt_exit
    defsig_fpe_outer.o(.text) refers to defsig_fpe_inner.o(.text) for __rt_SIGFPE_inner
    defsig_fpe_outer.o(.text) refers to defsig_exit.o(.text) for __sig_exit
    defsig_fpe_formal.o(.text) refers to rt_raise.o(.text) for __rt_raise
    libinit.o(.ARM.Collect$$libinit$$00000000) refers (Special) to libinit2.o(.ARM.Collect$$libinit$$0000002E) for __rt_lib_init_alloca_1
    libinit.o(.ARM.Collect$$libinit$$00000000) refers (Special) to libinit2.o(.ARM.Collect$$libinit$$0000002C) for __rt_lib_init_argv_1
    libinit.o(.ARM.Collect$$libinit$$00000000) refers (Special) to libinit2.o(.ARM.Collect$$libinit$$0000001B) for __rt_lib_init_atexit_1
    libinit.o(.ARM.Collect$$libinit$$00000000) refers (Special) to libinit2.o(.ARM.Collect$$libinit$$00000021) for __rt_lib_init_clock_1
    libinit.o(.ARM.Collect$$libinit$$00000000) refers (Special) to libinit2.o(.ARM.Collect$$libinit$$00000032) for __rt_lib_init_cpp_1
    libinit.o(.ARM.Collect$$libinit$$00000000) refers (Special) to libinit2.o(.ARM.Collect$$libinit$$00000030) for __rt_lib_init_exceptions_1
    libinit.o(.ARM.Collect$$libinit$$00000000) refers (Special) to libinit2.o(.ARM.Collect$$libinit$$00000002) for __rt_lib_init_fp_1
    libinit.o(.ARM.Collect$$libinit$$00000000) refers (Special) to libinit2.o(.ARM.Collect$$libinit$$0000001F) for __rt_lib_init_fp_trap_1
    libinit.o(.ARM.Collect$$libinit$$00000000) refers (Special) to libinit2.o(.ARM.Collect$$libinit$$00000023) for __rt_lib_init_getenv_1
    libinit.o(.ARM.Collect$$libinit$$00000000) refers (Special) to libinit2.o(.ARM.Collect$$libinit$$0000000A) for __rt_lib_init_heap_1
    libinit.o(.ARM.Collect$$libinit$$00000000) refers (Special) to libinit2.o(.ARM.Collect$$libinit$$00000011) for __rt_lib_init_lc_collate_1
    libinit.o(.ARM.Collect$$libinit$$00000000) refers (Special) to libinit2.o(.ARM.Collect$$libinit$$00000013) for __rt_lib_init_lc_ctype_1
    libinit.o(.ARM.Collect$$libinit$$00000000) refers (Special) to libinit2.o(.ARM.Collect$$libinit$$00000015) for __rt_lib_init_lc_monetary_1
    libinit.o(.ARM.Collect$$libinit$$00000000) refers (Special) to libinit2.o(.ARM.Collect$$libinit$$00000017) for __rt_lib_init_lc_numeric_1
    libinit.o(.ARM.Collect$$libinit$$00000000) refers (Special) to libinit2.o(.ARM.Collect$$libinit$$00000019) for __rt_lib_init_lc_time_1
    libinit.o(.ARM.Collect$$libinit$$00000000) refers (Special) to libinit2.o(.ARM.Collect$$libinit$$00000004) for __rt_lib_init_preinit_1
    libinit.o(.ARM.Collect$$libinit$$00000000) refers (Special) to libinit2.o(.ARM.Collect$$libinit$$0000000E) for __rt_lib_init_rand_1
    libinit.o(.ARM.Collect$$libinit$$00000000) refers (Special) to libinit2.o(.ARM.Collect$$libinit$$00000033) for __rt_lib_init_return
    libinit.o(.ARM.Collect$$libinit$$00000000) refers (Special) to libinit2.o(.ARM.Collect$$libinit$$0000001D) for __rt_lib_init_signal_1
    libinit.o(.ARM.Collect$$libinit$$00000000) refers (Special) to libinit2.o(.ARM.Collect$$libinit$$00000025) for __rt_lib_init_stdio_1
    libinit.o(.ARM.Collect$$libinit$$00000000) refers (Special) to libinit2.o(.ARM.Collect$$libinit$$0000000C) for __rt_lib_init_user_alloc_1
    libspace.o(.text) refers to libspace.o(.bss) for __libspace_start
    rtexit.o(.ARM.Collect$$rtexit$$00000000) refers (Special) to rtexit2.o(.ARM.Collect$$rtexit$$00000004) for __rt_exit_exit
    rtexit.o(.ARM.Collect$$rtexit$$00000000) refers (Special) to rtexit2.o(.ARM.Collect$$rtexit$$00000003) for __rt_exit_ls
    rtexit.o(.ARM.Collect$$rtexit$$00000000) refers (Special) to rtexit2.o(.ARM.Collect$$rtexit$$00000002) for __rt_exit_prels_1
    rtexit.o(.ARM.exidx) refers (Special) to rtexit2.o(.ARM.Collect$$rtexit$$00000004) for __rt_exit_exit
    rtexit.o(.ARM.exidx) refers (Special) to rtexit2.o(.ARM.Collect$$rtexit$$00000003) for __rt_exit_ls
    rtexit.o(.ARM.exidx) refers (Special) to rtexit2.o(.ARM.Collect$$rtexit$$00000002) for __rt_exit_prels_1
    rtexit.o(.ARM.exidx) refers to rtexit.o(.ARM.Collect$$rtexit$$00000000) for .ARM.Collect$$rtexit$$00000000
    rt_raise.o(.text) refers to __raise.o(.text) for __raise
    rt_raise.o(.text) refers to sys_exit.o(.text) for _sys_exit
    defsig_exit.o(.text) refers to sys_exit.o(.text) for _sys_exit
    defsig_fpe_inner.o(.text) refers to defsig_general.o(.text) for __default_signal_display
    libinit2.o(.ARM.Collect$$libinit$$00000010) refers to libinit2.o(.ARM.Collect$$libinit$$0000000F) for .ARM.Collect$$libinit$$0000000F
    libinit2.o(.ARM.Collect$$libinit$$00000012) refers to libinit2.o(.ARM.Collect$$libinit$$0000000F) for .ARM.Collect$$libinit$$0000000F
    libinit2.o(.ARM.Collect$$libinit$$00000014) refers to libinit2.o(.ARM.Collect$$libinit$$0000000F) for .ARM.Collect$$libinit$$0000000F
    libinit2.o(.ARM.Collect$$libinit$$00000016) refers to libinit2.o(.ARM.Collect$$libinit$$0000000F) for .ARM.Collect$$libinit$$0000000F
    libinit2.o(.ARM.Collect$$libinit$$00000018) refers to libinit2.o(.ARM.Collect$$libinit$$0000000F) for .ARM.Collect$$libinit$$0000000F
    libinit2.o(.ARM.Collect$$libinit$$00000026) refers to argv_veneer.o(.text) for __ARM_argv_veneer
    libinit2.o(.ARM.Collect$$libinit$$00000027) refers to argv_veneer.o(.text) for __ARM_argv_veneer
    sys_exit.o(.text) refers (Special) to use_no_semi.o(.text) for __I$use$semihosting
    sys_exit.o(.text) refers (Special) to indicate_semi.o(.text) for __semihosting_library_function
    rtexit2.o(.ARM.Collect$$rtexit$$00000003) refers to libshutdown.o(.ARM.Collect$$libshutdown$$00000000) for __rt_lib_shutdown
    rtexit2.o(.ARM.Collect$$rtexit$$00000004) refers to sys_exit.o(.text) for _sys_exit
    rtexit2.o(.ARM.exidx) refers to rtexit2.o(.ARM.Collect$$rtexit$$00000001) for .ARM.Collect$$rtexit$$00000001
    rtexit2.o(.ARM.exidx) refers to rtexit2.o(.ARM.Collect$$rtexit$$00000003) for .ARM.Collect$$rtexit$$00000003
    rtexit2.o(.ARM.exidx) refers to rtexit2.o(.ARM.Collect$$rtexit$$00000004) for .ARM.Collect$$rtexit$$00000004
    __raise.o(.text) refers to defsig.o(CL$$defsig) for __default_signal_handler
    defsig_general.o(.text) refers to retarget.o(i._ttywrch) for _ttywrch
    defsig.o(CL$$defsig) refers to defsig_fpe_inner.o(.text) for __rt_SIGFPE_inner
    defsig.o(CL$$defsig) refers to defsig_rtmem_inner.o(.text) for __rt_SIGRTMEM_inner
    _get_argv_nomalloc.o(.text) refers (Special) to hrguard.o(.text) for __heap_region$guard
    _get_argv_nomalloc.o(.text) refers to defsig_rtmem_outer.o(.text) for __rt_SIGRTMEM
    _get_argv_nomalloc.o(.text) refers to sys_command.o(.text) for _sys_command_string
    libshutdown.o(.ARM.Collect$$libshutdown$$00000000) refers (Special) to libshutdown2.o(.ARM.Collect$$libshutdown$$00000002) for __rt_lib_shutdown_cpp_1
    libshutdown.o(.ARM.Collect$$libshutdown$$00000000) refers (Special) to libshutdown2.o(.ARM.Collect$$libshutdown$$00000007) for __rt_lib_shutdown_fp_trap_1
    libshutdown.o(.ARM.Collect$$libshutdown$$00000000) refers (Special) to libshutdown2.o(.ARM.Collect$$libshutdown$$0000000F) for __rt_lib_shutdown_heap_1
    libshutdown.o(.ARM.Collect$$libshutdown$$00000000) refers (Special) to libshutdown2.o(.ARM.Collect$$libshutdown$$00000010) for __rt_lib_shutdown_return
    libshutdown.o(.ARM.Collect$$libshutdown$$00000000) refers (Special) to libshutdown2.o(.ARM.Collect$$libshutdown$$0000000A) for __rt_lib_shutdown_signal_1
    libshutdown.o(.ARM.Collect$$libshutdown$$00000000) refers (Special) to libshutdown2.o(.ARM.Collect$$libshutdown$$00000004) for __rt_lib_shutdown_stdio_1
    libshutdown.o(.ARM.Collect$$libshutdown$$00000000) refers (Special) to libshutdown2.o(.ARM.Collect$$libshutdown$$0000000C) for __rt_lib_shutdown_user_alloc_1
    sys_command.o(.text) refers (Special) to use_no_semi.o(.text) for __I$use$semihosting
    sys_command.o(.text) refers (Special) to indicate_semi.o(.text) for __semihosting_library_function
    defsig_abrt_inner.o(.text) refers to defsig_general.o(.text) for __default_signal_display
    defsig_rtred_inner.o(.text) refers to defsig_general.o(.text) for __default_signal_display
    defsig_rtmem_inner.o(.text) refers to defsig_general.o(.text) for __default_signal_display
    defsig_rtmem_outer.o(.text) refers to defsig_rtmem_inner.o(.text) for __rt_SIGRTMEM_inner
    defsig_rtmem_outer.o(.text) refers to defsig_exit.o(.text) for __sig_exit
    defsig_rtmem_formal.o(.text) refers to rt_raise.o(.text) for __rt_raise
    defsig_stak_inner.o(.text) refers to defsig_general.o(.text) for __default_signal_display
    defsig_pvfn_inner.o(.text) refers to defsig_general.o(.text) for __default_signal_display
    defsig_cppl_inner.o(.text) refers to defsig_general.o(.text) for __default_signal_display
    defsig_segv_inner.o(.text) refers to defsig_general.o(.text) for __default_signal_display
    defsig_other.o(.text) refers to defsig_general.o(.text) for __default_signal_display


==============================================================================

Removing Unused input sections from the image.

    Removing main.o(.rev16_text), (4 bytes).
    Removing main.o(.revsh_text), (4 bytes).
    Removing myi2c.o(.rev16_text), (4 bytes).
    Removing myi2c.o(.revsh_text), (4 bytes).
    Removing mylcd.o(.rev16_text), (4 bytes).
    Removing mylcd.o(.revsh_text), (4 bytes).
    Removing mylcd.o(i.delay), (12 bytes).
    Removing mylcd.o(i.lcd_bat), (60 bytes).
    Removing mylcd.o(i.lcd_cmd), (60 bytes).
    Removing mylcd.o(i.lcd_init), (172 bytes).
    Removing mylcd.o(i.lcd_make), (104 bytes).
    Removing mylcd.o(i.lcd_print), (34 bytes).
    Removing mylcd.o(i.lcd_put), (64 bytes).
    Removing clk.o(.rev16_text), (4 bytes).
    Removing clk.o(.revsh_text), (4 bytes).
    Removing clk.o(i.CLK_DisableCKO), (20 bytes).
    Removing clk.o(i.CLK_DisableModuleClock), (36 bytes).
    Removing clk.o(i.CLK_DisablePLL), (20 bytes).
    Removing clk.o(i.CLK_DisableSysTick), (12 bytes).
    Removing clk.o(i.CLK_DisableXtalRC), (16 bytes).
    Removing clk.o(i.CLK_EnableCKO), (40 bytes).
    Removing clk.o(i.CLK_EnablePLL), (224 bytes).
    Removing clk.o(i.CLK_EnableSysTick), (64 bytes).
    Removing clk.o(i.CLK_GetCPUFreq), (16 bytes).
    Removing clk.o(i.CLK_GetHCLKFreq), (16 bytes).
    Removing clk.o(i.CLK_GetHXTFreq), (28 bytes).
    Removing clk.o(i.CLK_GetLXTFreq), (24 bytes).
    Removing clk.o(i.CLK_GetPLLClockFreq), (128 bytes).
    Removing clk.o(i.CLK_Idle), (20 bytes).
    Removing clk.o(i.CLK_PowerDown), (32 bytes).
    Removing clk.o(i.CLK_SetCoreClock), (148 bytes).
    Removing clk.o(i.CLK_SysTickDelay), (52 bytes).
    Removing clk.o(.constdata), (16 bytes).
    Removing gpio.o(.rev16_text), (4 bytes).
    Removing gpio.o(.revsh_text), (4 bytes).
    Removing gpio.o(i.GPIO_DisableInt), (28 bytes).
    Removing gpio.o(i.GPIO_EnableInt), (26 bytes).
    Removing i2c.o(.rev16_text), (4 bytes).
    Removing i2c.o(.revsh_text), (4 bytes).
    Removing i2c.o(i.I2C_ClearIntFlag), (10 bytes).
    Removing i2c.o(i.I2C_ClearTimeoutFlag), (10 bytes).
    Removing i2c.o(i.I2C_Close), (88 bytes).
    Removing i2c.o(i.I2C_DisableInt), (10 bytes).
    Removing i2c.o(i.I2C_DisableTimeout), (10 bytes).
    Removing i2c.o(i.I2C_DisableWakeup), (10 bytes).
    Removing i2c.o(i.I2C_EnableInt), (10 bytes).
    Removing i2c.o(i.I2C_EnableTimeout), (32 bytes).
    Removing i2c.o(i.I2C_EnableWakeup), (10 bytes).
    Removing i2c.o(i.I2C_GetBusClockFreq), (24 bytes).
    Removing i2c.o(i.I2C_GetData), (6 bytes).
    Removing i2c.o(i.I2C_GetIntFlag), (16 bytes).
    Removing i2c.o(i.I2C_GetStatus), (6 bytes).
    Removing i2c.o(i.I2C_Open), (64 bytes).
    Removing i2c.o(i.I2C_SetBusClockFreq), (56 bytes).
    Removing i2c.o(i.I2C_SetData), (4 bytes).
    Removing i2c.o(i.I2C_SetSlaveAddr), (32 bytes).
    Removing i2c.o(i.I2C_SetSlaveAddrMask), (26 bytes).
    Removing i2c.o(i.I2C_Trigger), (56 bytes).
    Removing sys.o(.rev16_text), (4 bytes).
    Removing sys.o(.revsh_text), (4 bytes).
    Removing sys.o(i.SYS_ClearResetSrc), (16 bytes).
    Removing sys.o(i.SYS_DisableBOD), (20 bytes).
    Removing sys.o(i.SYS_DisableIRCTrim), (12 bytes).
    Removing sys.o(i.SYS_EnableBOD), (24 bytes).
    Removing sys.o(i.SYS_EnableIRCTrim), (32 bytes).
    Removing sys.o(i.SYS_GetBODStatus), (12 bytes).
    Removing sys.o(i.SYS_GetResetSrc), (8 bytes).
    Removing sys.o(i.SYS_IsRegLocked), (20 bytes).
    Removing sys.o(i.SYS_ReadPDID), (8 bytes).
    Removing sys.o(i.SYS_ResetCPU), (18 bytes).
    Removing sys.o(i.SYS_ResetChip), (18 bytes).
    Removing sys.o(i.SYS_ResetModule), (48 bytes).
    Removing timer.o(.rev16_text), (4 bytes).
    Removing timer.o(.revsh_text), (4 bytes).
    Removing timer.o(i.TIMER_Close), (8 bytes).
    Removing timer.o(i.TIMER_Delay), (180 bytes).
    Removing timer.o(i.TIMER_DisableCapture), (12 bytes).
    Removing timer.o(i.TIMER_DisableEventCounter), (12 bytes).
    Removing timer.o(i.TIMER_DisableFreqCounter), (12 bytes).
    Removing timer.o(i.TIMER_EnableCapture), (24 bytes).
    Removing timer.o(i.TIMER_EnableEventCounter), (22 bytes).
    Removing timer.o(i.TIMER_EnableFreqCounter), (60 bytes).
    Removing timer.o(i.TIMER_SetTriggerSource), (14 bytes).
    Removing timer.o(i.TIMER_SetTriggerTarget), (14 bytes).
    Removing uart.o(.rev16_text), (4 bytes).
    Removing uart.o(.revsh_text), (4 bytes).
    Removing uart.o(i.UART_ClearIntFlag), (112 bytes).
    Removing uart.o(i.UART_Close), (6 bytes).
    Removing uart.o(i.UART_DisableFlowCtrl), (10 bytes).
    Removing uart.o(i.UART_DisableInt), (8 bytes).
    Removing uart.o(i.UART_EnableFlowCtrl), (24 bytes).
    Removing uart.o(i.UART_EnableInt), (8 bytes).
    Removing uart.o(i.UART_Read), (52 bytes).
    Removing uart.o(i.UART_SelectIrDAMode), (164 bytes).
    Removing uart.o(i.UART_SelectLINMode), (34 bytes).
    Removing uart.o(i.UART_SelectRS485Mode), (22 bytes).
    Removing uart.o(i.UART_SetLine_Config), (164 bytes).
    Removing uart.o(i.UART_SetTimeoutCnt), (20 bytes).
    Removing uart.o(i.UART_Write), (54 bytes).
    Removing retarget.o(.rev16_text), (4 bytes).
    Removing retarget.o(.revsh_text), (4 bytes).
    Removing retarget.o(i.GetChar), (28 bytes).
    Removing retarget.o(i.IsDebugFifoEmpty), (20 bytes).
    Removing retarget.o(i._ttywrch), (12 bytes).
    Removing retarget.o(i.fgetc), (10 bytes).
    Removing retarget.o(i.kbhit), (16 bytes).
    Removing system_nano100series.o(.rev16_text), (4 bytes).
    Removing system_nano100series.o(.revsh_text), (4 bytes).
    Removing timer.o(i.__ARM_common_ll_muluu), (48 bytes).

109 unused section(s) (total 3446 bytes) removed from the image.

==============================================================================

Image Symbol Table

    Local Symbols

    Symbol Name                              Value     Ov Type        Size  Object(Section)

    RESET                                    0x00000000   Section      192  startup_nano100series.o(RESET)
    ../clib/angel/boardlib.s                 0x00000000   Number         0  boardshut.o ABSOLUTE
    ../clib/angel/boardlib.s                 0x00000000   Number         0  boardinit1.o ABSOLUTE
    ../clib/angel/boardlib.s                 0x00000000   Number         0  boardinit3.o ABSOLUTE
    ../clib/angel/boardlib.s                 0x00000000   Number         0  boardinit2.o ABSOLUTE
    ../clib/angel/handlers.s                 0x00000000   Number         0  __scatter_zi.o ABSOLUTE
    ../clib/angel/handlers.s                 0x00000000   Number         0  __scatter_copy.o ABSOLUTE
    ../clib/angel/kernel.s                   0x00000000   Number         0  rtexit2.o ABSOLUTE
    ../clib/angel/kernel.s                   0x00000000   Number         0  __rtentry2.o ABSOLUTE
    ../clib/angel/kernel.s                   0x00000000   Number         0  __rtentry4.o ABSOLUTE
    ../clib/angel/kernel.s                   0x00000000   Number         0  __rtentry.o ABSOLUTE
    ../clib/angel/kernel.s                   0x00000000   Number         0  rtexit.o ABSOLUTE
    ../clib/angel/rt.s                       0x00000000   Number         0  rt_raise.o ABSOLUTE
    ../clib/angel/rt.s                       0x00000000   Number         0  aeabi_ldiv0.o ABSOLUTE
    ../clib/angel/rt.s                       0x00000000   Number         0  aeabi_ldiv0_sigfpe.o ABSOLUTE
    ../clib/angel/rt.s                       0x00000000   Number         0  rt_div0.o ABSOLUTE
    ../clib/angel/rt.s                       0x00000000   Number         0  aeabi_idiv0.o ABSOLUTE
    ../clib/angel/rt.s                       0x00000000   Number         0  aeabi_idiv0_sigfpe.o ABSOLUTE
    ../clib/angel/scatterp.s                 0x00000000   Number         0  __scatter.o ABSOLUTE
    ../clib/angel/startup.s                  0x00000000   Number         0  __main.o ABSOLUTE
    ../clib/angel/sys.s                      0x00000000   Number         0  sys_stackheap_outer.o ABSOLUTE
    ../clib/angel/sys.s                      0x00000000   Number         0  libspace.o ABSOLUTE
    ../clib/angel/sys.s                      0x00000000   Number         0  use_no_semi.o ABSOLUTE
    ../clib/angel/sys.s                      0x00000000   Number         0  indicate_semi.o ABSOLUTE
    ../clib/angel/sys.s                      0x00000000   Number         0  tempstk.o ABSOLUTE
    ../clib/angel/sysapp.c                   0x00000000   Number         0  sys_exit.o ABSOLUTE
    ../clib/angel/sysapp.c                   0x00000000   Number         0  sys_command.o ABSOLUTE
    ../clib/armsys.c                         0x00000000   Number         0  argv_veneer.o ABSOLUTE
    ../clib/armsys.c                         0x00000000   Number         0  _get_argv_nomalloc.o ABSOLUTE
    ../clib/armsys.c                         0x00000000   Number         0  no_argv.o ABSOLUTE
    ../clib/division.c                       0x00000000   Number         0  rtudiv10.o ABSOLUTE
    ../clib/division.c                       0x00000000   Number         0  lludiv.o ABSOLUTE
    ../clib/division.c                       0x00000000   Number         0  llsdiv.o ABSOLUTE
    ../clib/division.s                       0x00000000   Number         0  aeabi_sdiv.o ABSOLUTE
    ../clib/division.s                       0x00000000   Number         0  aeabi_sdiv_div0.o ABSOLUTE
    ../clib/heapalloc.c                      0x00000000   Number         0  hrguard.o ABSOLUTE
    ../clib/heapaux.c                        0x00000000   Number         0  heapauxi.o ABSOLUTE
    ../clib/libinit.s                        0x00000000   Number         0  libshutdown.o ABSOLUTE
    ../clib/libinit.s                        0x00000000   Number         0  libshutdown2.o ABSOLUTE
    ../clib/libinit.s                        0x00000000   Number         0  libinit.o ABSOLUTE
    ../clib/libinit.s                        0x00000000   Number         0  libinit2.o ABSOLUTE
    ../clib/memcpset.c                       0x00000000   Number         0  rt_memcpy.o ABSOLUTE
    ../clib/memcpset.c                       0x00000000   Number         0  rt_memcpy.o ABSOLUTE
    ../clib/misc.s                           0x00000000   Number         0  printf_stubs.o ABSOLUTE
    ../clib/printf.c                         0x00000000   Number         0  _printf_dec.o ABSOLUTE
    ../clib/printf.c                         0x00000000   Number         0  __printf_flags.o ABSOLUTE
    ../clib/printf.c                         0x00000000   Number         0  __2printf.o ABSOLUTE
    ../clib/printf.c                         0x00000000   Number         0  __printf_nopercent.o ABSOLUTE
    ../clib/printf.c                         0x00000000   Number         0  __printf.o ABSOLUTE
    ../clib/printf.c                         0x00000000   Number         0  _printf_hex_ll.o ABSOLUTE
    ../clib/printf.c                         0x00000000   Number         0  _printf_char_file.o ABSOLUTE
    ../clib/printf.c                         0x00000000   Number         0  _printf_intcommon.o ABSOLUTE
    ../clib/printf.c                         0x00000000   Number         0  _printf_hex_int_ll.o ABSOLUTE
    ../clib/printf.c                         0x00000000   Number         0  _printf_char_common.o ABSOLUTE
    ../clib/printf.c                         0x00000000   Number         0  _printf_hex_int_ptr.o ABSOLUTE
    ../clib/printf.c                         0x00000000   Number         0  _printf_hex_ll_ptr.o ABSOLUTE
    ../clib/printf.c                         0x00000000   Number         0  _printf_hex_int_ll_ptr.o ABSOLUTE
    ../clib/printf.c                         0x00000000   Number         0  __printf_ss.o ABSOLUTE
    ../clib/printf.c                         0x00000000   Number         0  __printf_flags_ss.o ABSOLUTE
    ../clib/printf.c                         0x00000000   Number         0  __printf_wp.o ABSOLUTE
    ../clib/printf.c                         0x00000000   Number         0  noretval__2printf.o ABSOLUTE
    ../clib/printf.c                         0x00000000   Number         0  _printf_hex_ptr.o ABSOLUTE
    ../clib/printf.c                         0x00000000   Number         0  __printf_flags_wp.o ABSOLUTE
    ../clib/printf.c                         0x00000000   Number         0  __printf_ss_wp.o ABSOLUTE
    ../clib/printf.c                         0x00000000   Number         0  __printf_flags_ss_wp.o ABSOLUTE
    ../clib/printf.c                         0x00000000   Number         0  _printf_hex_int.o ABSOLUTE
    ../clib/printf_percent.s                 0x00000000   Number         0  _printf_percent_end.o ABSOLUTE
    ../clib/printf_percent.s                 0x00000000   Number         0  _printf_x.o ABSOLUTE
    ../clib/printf_percent.s                 0x00000000   Number         0  _printf_d.o ABSOLUTE
    ../clib/printf_percent.s                 0x00000000   Number         0  _printf_percent.o ABSOLUTE
    ../clib/signal.c                         0x00000000   Number         0  defsig_general.o ABSOLUTE
    ../clib/signal.c                         0x00000000   Number         0  __raise.o ABSOLUTE
    ../clib/signal.c                         0x00000000   Number         0  defsig_exit.o ABSOLUTE
    ../clib/signal.c                         0x00000000   Number         0  defsig_fpe_inner.o ABSOLUTE
    ../clib/signal.c                         0x00000000   Number         0  defsig_segv_inner.o ABSOLUTE
    ../clib/signal.c                         0x00000000   Number         0  defsig_fpe_formal.o ABSOLUTE
    ../clib/signal.c                         0x00000000   Number         0  defsig_fpe_outer.o ABSOLUTE
    ../clib/signal.c                         0x00000000   Number         0  defsig_other.o ABSOLUTE
    ../clib/signal.c                         0x00000000   Number         0  defsig_cppl_inner.o ABSOLUTE
    ../clib/signal.c                         0x00000000   Number         0  defsig_pvfn_inner.o ABSOLUTE
    ../clib/signal.c                         0x00000000   Number         0  defsig_stak_inner.o ABSOLUTE
    ../clib/signal.c                         0x00000000   Number         0  defsig_rtmem_formal.o ABSOLUTE
    ../clib/signal.c                         0x00000000   Number         0  defsig_rtmem_outer.o ABSOLUTE
    ../clib/signal.c                         0x00000000   Number         0  defsig_rtmem_inner.o ABSOLUTE
    ../clib/signal.c                         0x00000000   Number         0  defsig_rtred_inner.o ABSOLUTE
    ../clib/signal.c                         0x00000000   Number         0  defsig_abrt_inner.o ABSOLUTE
    ../clib/signal.s                         0x00000000   Number         0  defsig.o ABSOLUTE
    ../clib/stdlib.c                         0x00000000   Number         0  exit.o ABSOLUTE
    ../fplib/cfplib/fpinit.c                 0x00000000   Number         0  fpinit.o ABSOLUTE
    D:\Keil_v5\ARM\PACK\Nuvoton\NuMicro_DFP\1.0.7\Device\NANO100BN\Driver\clk.c 0x00000000   Number         0  clk.o ABSOLUTE
    D:\Keil_v5\ARM\PACK\Nuvoton\NuMicro_DFP\1.0.7\Device\NANO100BN\Driver\gpio.c 0x00000000   Number         0  gpio.o ABSOLUTE
    D:\Keil_v5\ARM\PACK\Nuvoton\NuMicro_DFP\1.0.7\Device\NANO100BN\Driver\i2c.c 0x00000000   Number         0  i2c.o ABSOLUTE
    D:\Keil_v5\ARM\PACK\Nuvoton\NuMicro_DFP\1.0.7\Device\NANO100BN\Driver\sys.c 0x00000000   Number         0  sys.o ABSOLUTE
    D:\Keil_v5\ARM\PACK\Nuvoton\NuMicro_DFP\1.0.7\Device\NANO100BN\Driver\timer.c 0x00000000   Number         0  timer.o ABSOLUTE
    D:\Keil_v5\ARM\PACK\Nuvoton\NuMicro_DFP\1.0.7\Device\NANO100BN\Driver\uart.c 0x00000000   Number         0  uart.o ABSOLUTE
    D:\\Keil_v5\\ARM\\PACK\\Nuvoton\\NuMicro_DFP\\1.0.7\\Device\\NANO100BN\\Driver\\clk.c 0x00000000   Number         0  clk.o ABSOLUTE
    D:\\Keil_v5\\ARM\\PACK\\Nuvoton\\NuMicro_DFP\\1.0.7\\Device\\NANO100BN\\Driver\\gpio.c 0x00000000   Number         0  gpio.o ABSOLUTE
    D:\\Keil_v5\\ARM\\PACK\\Nuvoton\\NuMicro_DFP\\1.0.7\\Device\\NANO100BN\\Driver\\i2c.c 0x00000000   Number         0  i2c.o ABSOLUTE
    D:\\Keil_v5\\ARM\\PACK\\Nuvoton\\NuMicro_DFP\\1.0.7\\Device\\NANO100BN\\Driver\\sys.c 0x00000000   Number         0  sys.o ABSOLUTE
    D:\\Keil_v5\\ARM\\PACK\\Nuvoton\\NuMicro_DFP\\1.0.7\\Device\\NANO100BN\\Driver\\timer.c 0x00000000   Number         0  timer.o ABSOLUTE
    D:\\Keil_v5\\ARM\\PACK\\Nuvoton\\NuMicro_DFP\\1.0.7\\Device\\NANO100BN\\Driver\\uart.c 0x00000000   Number         0  uart.o ABSOLUTE
    RTE\Device\NANO130KE3BN\retarget.c       0x00000000   Number         0  retarget.o ABSOLUTE
    RTE\Device\NANO130KE3BN\startup_Nano100Series.s 0x00000000   Number         0  startup_nano100series.o ABSOLUTE
    RTE\Device\NANO130KE3BN\system_Nano100Series.c 0x00000000   Number         0  system_nano100series.o ABSOLUTE
    RTE\\Device\\NANO130KE3BN\\retarget.c    0x00000000   Number         0  retarget.o ABSOLUTE
    RTE\\Device\\NANO130KE3BN\\system_Nano100Series.c 0x00000000   Number         0  system_nano100series.o ABSOLUTE
    dc.s                                     0x00000000   Number         0  dc.o ABSOLUTE
    main.c                                   0x00000000   Number         0  main.o ABSOLUTE
    main.c                                   0x00000000   Number         0  main.o ABSOLUTE
    myi2c.c                                  0x00000000   Number         0  myi2c.o ABSOLUTE
    myi2c.c                                  0x00000000   Number         0  myi2c.o ABSOLUTE
    mylcd.c                                  0x00000000   Number         0  mylcd.o ABSOLUTE
    mylcd.c                                  0x00000000   Number         0  mylcd.o ABSOLUTE
    !!!main                                  0x000000c0   Section        8  __main.o(!!!main)
    !!!scatter                               0x000000c8   Section       60  __scatter.o(!!!scatter)
    !!handler_copy                           0x00000104   Section       26  __scatter_copy.o(!!handler_copy)
    !!handler_zi                             0x00000120   Section       28  __scatter_zi.o(!!handler_zi)
    .ARM.Collect$$_printf_percent$$00000000  0x0000013c   Section        2  _printf_percent.o(.ARM.Collect$$_printf_percent$$00000000)
    .ARM.Collect$$_printf_percent$$00000009  0x0000013e   Section       10  _printf_d.o(.ARM.Collect$$_printf_percent$$00000009)
    .ARM.Collect$$_printf_percent$$0000000C  0x00000148   Section       10  _printf_x.o(.ARM.Collect$$_printf_percent$$0000000C)
    .ARM.Collect$$_printf_percent$$00000017  0x00000152   Section        4  _printf_percent_end.o(.ARM.Collect$$_printf_percent$$00000017)
    .ARM.Collect$$libinit$$00000000          0x00000156   Section        2  libinit.o(.ARM.Collect$$libinit$$00000000)
    .ARM.Collect$$libinit$$00000002          0x00000158   Section        0  libinit2.o(.ARM.Collect$$libinit$$00000002)
    .ARM.Collect$$libinit$$00000004          0x00000158   Section        0  libinit2.o(.ARM.Collect$$libinit$$00000004)
    .ARM.Collect$$libinit$$0000000A          0x00000158   Section        0  libinit2.o(.ARM.Collect$$libinit$$0000000A)
    .ARM.Collect$$libinit$$0000000C          0x00000158   Section        0  libinit2.o(.ARM.Collect$$libinit$$0000000C)
    .ARM.Collect$$libinit$$0000000E          0x00000158   Section        0  libinit2.o(.ARM.Collect$$libinit$$0000000E)
    .ARM.Collect$$libinit$$00000011          0x00000158   Section        0  libinit2.o(.ARM.Collect$$libinit$$00000011)
    .ARM.Collect$$libinit$$00000013          0x00000158   Section        0  libinit2.o(.ARM.Collect$$libinit$$00000013)
    .ARM.Collect$$libinit$$00000015          0x00000158   Section        0  libinit2.o(.ARM.Collect$$libinit$$00000015)
    .ARM.Collect$$libinit$$00000017          0x00000158   Section        0  libinit2.o(.ARM.Collect$$libinit$$00000017)
    .ARM.Collect$$libinit$$00000019          0x00000158   Section        0  libinit2.o(.ARM.Collect$$libinit$$00000019)
    .ARM.Collect$$libinit$$0000001B          0x00000158   Section        0  libinit2.o(.ARM.Collect$$libinit$$0000001B)
    .ARM.Collect$$libinit$$0000001D          0x00000158   Section        0  libinit2.o(.ARM.Collect$$libinit$$0000001D)
    .ARM.Collect$$libinit$$0000001F          0x00000158   Section        0  libinit2.o(.ARM.Collect$$libinit$$0000001F)
    .ARM.Collect$$libinit$$00000021          0x00000158   Section        0  libinit2.o(.ARM.Collect$$libinit$$00000021)
    .ARM.Collect$$libinit$$00000023          0x00000158   Section        0  libinit2.o(.ARM.Collect$$libinit$$00000023)
    .ARM.Collect$$libinit$$00000025          0x00000158   Section        0  libinit2.o(.ARM.Collect$$libinit$$00000025)
    .ARM.Collect$$libinit$$0000002C          0x00000158   Section        0  libinit2.o(.ARM.Collect$$libinit$$0000002C)
    .ARM.Collect$$libinit$$0000002E          0x00000158   Section        0  libinit2.o(.ARM.Collect$$libinit$$0000002E)
    .ARM.Collect$$libinit$$00000030          0x00000158   Section        0  libinit2.o(.ARM.Collect$$libinit$$00000030)
    .ARM.Collect$$libinit$$00000032          0x00000158   Section        0  libinit2.o(.ARM.Collect$$libinit$$00000032)
    .ARM.Collect$$libinit$$00000033          0x00000158   Section        2  libinit2.o(.ARM.Collect$$libinit$$00000033)
    .ARM.Collect$$libshutdown$$00000000      0x0000015a   Section        2  libshutdown.o(.ARM.Collect$$libshutdown$$00000000)
    .ARM.Collect$$libshutdown$$00000002      0x0000015c   Section        0  libshutdown2.o(.ARM.Collect$$libshutdown$$00000002)
    .ARM.Collect$$libshutdown$$00000004      0x0000015c   Section        0  libshutdown2.o(.ARM.Collect$$libshutdown$$00000004)
    .ARM.Collect$$libshutdown$$00000007      0x0000015c   Section        0  libshutdown2.o(.ARM.Collect$$libshutdown$$00000007)
    .ARM.Collect$$libshutdown$$0000000A      0x0000015c   Section        0  libshutdown2.o(.ARM.Collect$$libshutdown$$0000000A)
    .ARM.Collect$$libshutdown$$0000000C      0x0000015c   Section        0  libshutdown2.o(.ARM.Collect$$libshutdown$$0000000C)
    .ARM.Collect$$libshutdown$$0000000F      0x0000015c   Section        0  libshutdown2.o(.ARM.Collect$$libshutdown$$0000000F)
    .ARM.Collect$$libshutdown$$00000010      0x0000015c   Section        2  libshutdown2.o(.ARM.Collect$$libshutdown$$00000010)
    .ARM.Collect$$rtentry$$00000000          0x0000015e   Section        0  __rtentry.o(.ARM.Collect$$rtentry$$00000000)
    .ARM.Collect$$rtentry$$00000002          0x0000015e   Section        0  __rtentry2.o(.ARM.Collect$$rtentry$$00000002)
    .ARM.Collect$$rtentry$$00000004          0x0000015e   Section        6  __rtentry4.o(.ARM.Collect$$rtentry$$00000004)
    .ARM.Collect$$rtentry$$00000009          0x00000164   Section        0  __rtentry2.o(.ARM.Collect$$rtentry$$00000009)
    .ARM.Collect$$rtentry$$0000000A          0x00000164   Section        4  __rtentry2.o(.ARM.Collect$$rtentry$$0000000A)
    .ARM.Collect$$rtentry$$0000000C          0x00000168   Section        0  __rtentry2.o(.ARM.Collect$$rtentry$$0000000C)
    .ARM.Collect$$rtentry$$0000000D          0x00000168   Section        8  __rtentry2.o(.ARM.Collect$$rtentry$$0000000D)
    .ARM.Collect$$rtexit$$00000000           0x00000170   Section        2  rtexit.o(.ARM.Collect$$rtexit$$00000000)
    .ARM.Collect$$rtexit$$00000002           0x00000172   Section        0  rtexit2.o(.ARM.Collect$$rtexit$$00000002)
    .ARM.Collect$$rtexit$$00000003           0x00000172   Section        4  rtexit2.o(.ARM.Collect$$rtexit$$00000003)
    .ARM.Collect$$rtexit$$00000004           0x00000176   Section        6  rtexit2.o(.ARM.Collect$$rtexit$$00000004)
    .emb_text                                0x0000017c   Section       28  retarget.o(.emb_text)
    .text                                    0x00000198   Section       96  startup_nano100series.o(.text)
    .text                                    0x000001f8   Section        0  noretval__2printf.o(.text)
    .text                                    0x00000214   Section        0  _printf_dec.o(.text)
    .text                                    0x00000280   Section        0  _printf_hex_int.o(.text)
    .text                                    0x000002d8   Section        0  __printf_wp.o(.text)
    .text                                    0x000003e6   Section      346  aeabi_sdiv.o(.text)
    .text                                    0x00000540   Section        0  heapauxi.o(.text)
    .text                                    0x00000546   Section        0  _printf_intcommon.o(.text)
    .text                                    0x000005f8   Section        0  _printf_char_file.o(.text)
    .text                                    0x00000620   Section        0  rtudiv10.o(.text)
    .text                                    0x00000648   Section        0  _printf_char_common.o(.text)
    _printf_input_char                       0x00000649   Thumb Code    10  _printf_char_common.o(.text)
    .text                                    0x00000678   Section       62  sys_stackheap_outer.o(.text)
    .text                                    0x000006b6   Section        0  exit.o(.text)
    .text                                    0x000006c8   Section        8  libspace.o(.text)
    .text                                    0x000006d0   Section        0  sys_exit.o(.text)
    .text                                    0x000006dc   Section        2  use_no_semi.o(.text)
    .text                                    0x000006de   Section        0  indicate_semi.o(.text)
    i.CLK_EnableModuleClock                  0x000006e0   Section        0  clk.o(i.CLK_EnableModuleClock)
    i.CLK_EnableXtalRC                       0x00000704   Section        0  clk.o(i.CLK_EnableXtalRC)
    i.CLK_SetHCLK                            0x00000750   Section        0  clk.o(i.CLK_SetHCLK)
    i.CLK_SetModuleClock                     0x000007b4   Section        0  clk.o(i.CLK_SetModuleClock)
    i.CLK_WaitClockReady                     0x00000818   Section        0  clk.o(i.CLK_WaitClockReady)
    i.GPIO_SetMode                           0x00000840   Section        0  gpio.o(i.GPIO_SetMode)
    i.Hard_Fault_Handler                     0x00000870   Section        0  retarget.o(i.Hard_Fault_Handler)
    __tagsym$$used                           0x00000871   Number         0  retarget.o(i.Hard_Fault_Handler)
    i.NVIC_EnableIRQ                         0x0000089c   Section        0  main.o(i.NVIC_EnableIRQ)
    NVIC_EnableIRQ                           0x0000089d   Thumb Code    14  main.o(i.NVIC_EnableIRQ)
    i.NVIC_SetPriority                       0x000008b0   Section        0  main.o(i.NVIC_SetPriority)
    NVIC_SetPriority                         0x000008b1   Thumb Code   110  main.o(i.NVIC_SetPriority)
    i.SYS_LockReg                            0x00000928   Section        0  main.o(i.SYS_LockReg)
    SYS_LockReg                              0x00000929   Thumb Code     8  main.o(i.SYS_LockReg)
    i.SYS_UnlockReg                          0x00000934   Section        0  main.o(i.SYS_UnlockReg)
    SYS_UnlockReg                            0x00000935   Thumb Code    26  main.o(i.SYS_UnlockReg)
    i.SendChar                               0x00000954   Section        0  retarget.o(i.SendChar)
    i.SendChar_ToUART                        0x00000960   Section        0  retarget.o(i.SendChar_ToUART)
    i.SysGet_HCLKFreq                        0x00000984   Section        0  system_nano100series.o(i.SysGet_HCLKFreq)
    i.SysGet_PLLClockFreq                    0x000009d4   Section        0  system_nano100series.o(i.SysGet_PLLClockFreq)
    i.SysTick_Handler                        0x00000a54   Section        0  main.o(i.SysTick_Handler)
    i.SystemCoreClockUpdate                  0x00000a64   Section        0  system_nano100series.o(i.SystemCoreClockUpdate)
    i.TIMER_GetModuleClock                   0x00000a90   Section        0  timer.o(i.TIMER_GetModuleClock)
    i.TIMER_Open                             0x00000b10   Section        0  timer.o(i.TIMER_Open)
    i.TMR0_IRQHandler                        0x00000b78   Section        0  main.o(i.TMR0_IRQHandler)
    i.UART0_IRQHandler                       0x00000b88   Section        0  main.o(i.UART0_IRQHandler)
    i.UART1_IRQHandler                       0x00000b98   Section        0  main.o(i.UART1_IRQHandler)
    i.UART_Open                              0x00000ba8   Section        0  uart.o(i.UART_Open)
    i._is_digit                              0x00000c48   Section        0  __printf_wp.o(i._is_digit)
    i.delay                                  0x00000c56   Section        0  myi2c.o(i.delay)
    delay                                    0x00000c57   Thumb Code    12  myi2c.o(i.delay)
    i.delay_ms                               0x00000c64   Section        0  main.o(i.delay_ms)
    i.ferror                                 0x00000c7c   Section        0  retarget.o(i.ferror)
    i.fputc                                  0x00000c84   Section        0  retarget.o(i.fputc)
    i.i2c_read                               0x00000c94   Section        0  myi2c.o(i.i2c_read)
    i.i2c_start                              0x00000e18   Section        0  myi2c.o(i.i2c_start)
    i.i2c_stop                               0x00000e7c   Section        0  myi2c.o(i.i2c_stop)
    i.i2c_write                              0x00000ea8   Section        0  myi2c.o(i.i2c_write)
    i.init                                   0x00000fe4   Section        0  main.o(i.init)
    i.initMax30102                           0x0000102c   Section        0  main.o(i.initMax30102)
    i.init_HCLK                              0x00001444   Section        0  main.o(i.init_HCLK)
    i.init_TIMER0                            0x00001464   Section        0  main.o(i.init_TIMER0)
    i.init_UART0                             0x000014bc   Section        0  main.o(i.init_UART0)
    i.init_UART1                             0x0000151c   Section        0  main.o(i.init_UART1)
    i.main                                   0x000015a0   Section        0  main.o(i.main)
    i.stackDump                              0x00001764   Section        0  retarget.o(i.stackDump)
    .constdata                               0x0000180c   Section       16  timer.o(.constdata)
    .constdata                               0x0000181c   Section       48  uart.o(.constdata)
    .constdata                               0x0000184c   Section       40  _printf_hex_int.o(.constdata)
    uc_hextab                                0x0000184c   Data          20  _printf_hex_int.o(.constdata)
    lc_hextab                                0x00001860   Data          20  _printf_hex_int.o(.constdata)
    .data                                    0x20000000   Section       68  main.o(.data)
    .data                                    0x20000044   Section        8  retarget.o(.data)
    .data                                    0x2000004c   Section        8  system_nano100series.o(.data)
    .bss                                     0x20000054   Section       68  main.o(.bss)
    .bss                                     0x20000098   Section       96  libspace.o(.bss)
    HEAP                                     0x200000f8   Section     1280  startup_nano100series.o(HEAP)
    Heap_Mem                                 0x200000f8   Data        1280  startup_nano100series.o(HEAP)
    STACK                                    0x200005f8   Section     1280  startup_nano100series.o(STACK)
    Stack_Mem                                0x200005f8   Data        1280  startup_nano100series.o(STACK)
    __initial_sp                             0x20000af8   Data           0  startup_nano100series.o(STACK)

    Global Symbols

    Symbol Name                              Value     Ov Type        Size  Object(Section)

    BuildAttributes$$THM_ISAv3M$S$PE$A:L22$X:L11$S22$IEEE1$IW$USESV6$~STKCKD$USESV7$~SHL$OSPACE$ROPI$EBA8$UX$STANDARDLIB$REQ8$PRES8$EABIv2 0x00000000   Number         0  anon$$obj.o ABSOLUTE
    __ARM_use_no_argv                        0x00000000   Number         0  main.o ABSOLUTE
    __Vectors                                0x00000000   Data           4  startup_nano100series.o(RESET)
    _printf_flags                            0x00000000   Number         0  printf_stubs.o ABSOLUTE
    _printf_return_value                     0x00000000   Number         0  printf_stubs.o ABSOLUTE
    _printf_sizespec                         0x00000000   Number         0  printf_stubs.o ABSOLUTE
    _printf_widthprec                        0x00000000   Number         0  printf_stubs.o ABSOLUTE
    __ARM_exceptions_init                     - Undefined Weak Reference
    __alloca_initialize                       - Undefined Weak Reference
    __arm_preinit_                            - Undefined Weak Reference
    __cpp_initialize__aeabi_                  - Undefined Weak Reference
    __cxa_finalize                            - Undefined Weak Reference
    __rt_locale                               - Undefined Weak Reference
    __sigvec_lookup                           - Undefined Weak Reference
    _atexit_init                              - Undefined Weak Reference
    _call_atexit_fns                          - Undefined Weak Reference
    _clock_init                               - Undefined Weak Reference
    _fp_trap_init                             - Undefined Weak Reference
    _fp_trap_shutdown                         - Undefined Weak Reference
    _get_lc_collate                           - Undefined Weak Reference
    _get_lc_ctype                             - Undefined Weak Reference
    _get_lc_monetary                          - Undefined Weak Reference
    _get_lc_numeric                           - Undefined Weak Reference
    _get_lc_time                              - Undefined Weak Reference
    _getenv_init                              - Undefined Weak Reference
    _handle_redirection                       - Undefined Weak Reference
    _init_alloc                               - Undefined Weak Reference
    _init_user_alloc                          - Undefined Weak Reference
    _initio                                   - Undefined Weak Reference
    _printf_post_padding                      - Undefined Weak Reference
    _printf_pre_padding                       - Undefined Weak Reference
    _printf_truncate_signed                   - Undefined Weak Reference
    _printf_truncate_unsigned                 - Undefined Weak Reference
    _rand_init                                - Undefined Weak Reference
    _signal_finish                            - Undefined Weak Reference
    _signal_init                              - Undefined Weak Reference
    _terminate_alloc                          - Undefined Weak Reference
    _terminate_user_alloc                     - Undefined Weak Reference
    _terminateio                              - Undefined Weak Reference
    __main                                   0x000000c1   Thumb Code     8  __main.o(!!!main)
    __scatterload                            0x000000c9   Thumb Code     0  __scatter.o(!!!scatter)
    __scatterload_rt2                        0x000000c9   Thumb Code    52  __scatter.o(!!!scatter)
    __scatterload_rt2_thumb_only             0x000000c9   Thumb Code     0  __scatter.o(!!!scatter)
    __scatterload_null                       0x000000d9   Thumb Code     0  __scatter.o(!!!scatter)
    __scatterload_copy                       0x00000105   Thumb Code    26  __scatter_copy.o(!!handler_copy)
    __scatterload_zeroinit                   0x00000121   Thumb Code    28  __scatter_zi.o(!!handler_zi)
    _printf_percent                          0x0000013d   Thumb Code     0  _printf_percent.o(.ARM.Collect$$_printf_percent$$00000000)
    _printf_d                                0x0000013f   Thumb Code     0  _printf_d.o(.ARM.Collect$$_printf_percent$$00000009)
    _printf_x                                0x00000149   Thumb Code     0  _printf_x.o(.ARM.Collect$$_printf_percent$$0000000C)
    _printf_percent_end                      0x00000153   Thumb Code     0  _printf_percent_end.o(.ARM.Collect$$_printf_percent$$00000017)
    __rt_lib_init                            0x00000157   Thumb Code     0  libinit.o(.ARM.Collect$$libinit$$00000000)
    __rt_lib_init_alloca_1                   0x00000159   Thumb Code     0  libinit2.o(.ARM.Collect$$libinit$$0000002E)
    __rt_lib_init_argv_1                     0x00000159   Thumb Code     0  libinit2.o(.ARM.Collect$$libinit$$0000002C)
    __rt_lib_init_atexit_1                   0x00000159   Thumb Code     0  libinit2.o(.ARM.Collect$$libinit$$0000001B)
    __rt_lib_init_clock_1                    0x00000159   Thumb Code     0  libinit2.o(.ARM.Collect$$libinit$$00000021)
    __rt_lib_init_cpp_1                      0x00000159   Thumb Code     0  libinit2.o(.ARM.Collect$$libinit$$00000032)
    __rt_lib_init_exceptions_1               0x00000159   Thumb Code     0  libinit2.o(.ARM.Collect$$libinit$$00000030)
    __rt_lib_init_fp_1                       0x00000159   Thumb Code     0  libinit2.o(.ARM.Collect$$libinit$$00000002)
    __rt_lib_init_fp_trap_1                  0x00000159   Thumb Code     0  libinit2.o(.ARM.Collect$$libinit$$0000001F)
    __rt_lib_init_getenv_1                   0x00000159   Thumb Code     0  libinit2.o(.ARM.Collect$$libinit$$00000023)
    __rt_lib_init_heap_1                     0x00000159   Thumb Code     0  libinit2.o(.ARM.Collect$$libinit$$0000000A)
    __rt_lib_init_lc_collate_1               0x00000159   Thumb Code     0  libinit2.o(.ARM.Collect$$libinit$$00000011)
    __rt_lib_init_lc_ctype_1                 0x00000159   Thumb Code     0  libinit2.o(.ARM.Collect$$libinit$$00000013)
    __rt_lib_init_lc_monetary_1              0x00000159   Thumb Code     0  libinit2.o(.ARM.Collect$$libinit$$00000015)
    __rt_lib_init_lc_numeric_1               0x00000159   Thumb Code     0  libinit2.o(.ARM.Collect$$libinit$$00000017)
    __rt_lib_init_lc_time_1                  0x00000159   Thumb Code     0  libinit2.o(.ARM.Collect$$libinit$$00000019)
    __rt_lib_init_preinit_1                  0x00000159   Thumb Code     0  libinit2.o(.ARM.Collect$$libinit$$00000004)
    __rt_lib_init_rand_1                     0x00000159   Thumb Code     0  libinit2.o(.ARM.Collect$$libinit$$0000000E)
    __rt_lib_init_return                     0x00000159   Thumb Code     0  libinit2.o(.ARM.Collect$$libinit$$00000033)
    __rt_lib_init_signal_1                   0x00000159   Thumb Code     0  libinit2.o(.ARM.Collect$$libinit$$0000001D)
    __rt_lib_init_stdio_1                    0x00000159   Thumb Code     0  libinit2.o(.ARM.Collect$$libinit$$00000025)
    __rt_lib_init_user_alloc_1               0x00000159   Thumb Code     0  libinit2.o(.ARM.Collect$$libinit$$0000000C)
    __rt_lib_shutdown                        0x0000015b   Thumb Code     0  libshutdown.o(.ARM.Collect$$libshutdown$$00000000)
    __rt_lib_shutdown_cpp_1                  0x0000015d   Thumb Code     0  libshutdown2.o(.ARM.Collect$$libshutdown$$00000002)
    __rt_lib_shutdown_fp_trap_1              0x0000015d   Thumb Code     0  libshutdown2.o(.ARM.Collect$$libshutdown$$00000007)
    __rt_lib_shutdown_heap_1                 0x0000015d   Thumb Code     0  libshutdown2.o(.ARM.Collect$$libshutdown$$0000000F)
    __rt_lib_shutdown_return                 0x0000015d   Thumb Code     0  libshutdown2.o(.ARM.Collect$$libshutdown$$00000010)
    __rt_lib_shutdown_signal_1               0x0000015d   Thumb Code     0  libshutdown2.o(.ARM.Collect$$libshutdown$$0000000A)
    __rt_lib_shutdown_stdio_1                0x0000015d   Thumb Code     0  libshutdown2.o(.ARM.Collect$$libshutdown$$00000004)
    __rt_lib_shutdown_user_alloc_1           0x0000015d   Thumb Code     0  libshutdown2.o(.ARM.Collect$$libshutdown$$0000000C)
    __rt_entry                               0x0000015f   Thumb Code     0  __rtentry.o(.ARM.Collect$$rtentry$$00000000)
    __rt_entry_presh_1                       0x0000015f   Thumb Code     0  __rtentry2.o(.ARM.Collect$$rtentry$$00000002)
    __rt_entry_sh                            0x0000015f   Thumb Code     0  __rtentry4.o(.ARM.Collect$$rtentry$$00000004)
    __rt_entry_li                            0x00000165   Thumb Code     0  __rtentry2.o(.ARM.Collect$$rtentry$$0000000A)
    __rt_entry_postsh_1                      0x00000165   Thumb Code     0  __rtentry2.o(.ARM.Collect$$rtentry$$00000009)
    __rt_entry_main                          0x00000169   Thumb Code     0  __rtentry2.o(.ARM.Collect$$rtentry$$0000000D)
    __rt_entry_postli_1                      0x00000169   Thumb Code     0  __rtentry2.o(.ARM.Collect$$rtentry$$0000000C)
    __rt_exit                                0x00000171   Thumb Code     0  rtexit.o(.ARM.Collect$$rtexit$$00000000)
    __rt_exit_ls                             0x00000173   Thumb Code     0  rtexit2.o(.ARM.Collect$$rtexit$$00000003)
    __rt_exit_prels_1                        0x00000173   Thumb Code     0  rtexit2.o(.ARM.Collect$$rtexit$$00000002)
    __rt_exit_exit                           0x00000177   Thumb Code     0  rtexit2.o(.ARM.Collect$$rtexit$$00000004)
    HardFault_Handler                        0x0000017d   Thumb Code    24  retarget.o(.emb_text)
    Reset_Handler                            0x00000199   Thumb Code    28  startup_nano100series.o(.text)
    NMI_Handler                              0x000001b5   Thumb Code     2  startup_nano100series.o(.text)
    SVC_Handler                              0x000001b9   Thumb Code     2  startup_nano100series.o(.text)
    PendSV_Handler                           0x000001bb   Thumb Code     2  startup_nano100series.o(.text)
    ADC_IRQHandler                           0x000001bf   Thumb Code     0  startup_nano100series.o(.text)
    BOD_IRQHandler                           0x000001bf   Thumb Code     0  startup_nano100series.o(.text)
    DAC_IRQHandler                           0x000001bf   Thumb Code     0  startup_nano100series.o(.text)
    EINT0_IRQHandler                         0x000001bf   Thumb Code     0  startup_nano100series.o(.text)
    EINT1_IRQHandler                         0x000001bf   Thumb Code     0  startup_nano100series.o(.text)
    GPABC_IRQHandler                         0x000001bf   Thumb Code     0  startup_nano100series.o(.text)
    GPDEF_IRQHandler                         0x000001bf   Thumb Code     0  startup_nano100series.o(.text)
    HIRC_IRQHandler                          0x000001bf   Thumb Code     0  startup_nano100series.o(.text)
    I2C0_IRQHandler                          0x000001bf   Thumb Code     0  startup_nano100series.o(.text)
    I2C1_IRQHandler                          0x000001bf   Thumb Code     0  startup_nano100series.o(.text)
    I2S_IRQHandler                           0x000001bf   Thumb Code     0  startup_nano100series.o(.text)
    LCD_IRQHandler                           0x000001bf   Thumb Code     0  startup_nano100series.o(.text)
    PDMA_IRQHandler                          0x000001bf   Thumb Code     0  startup_nano100series.o(.text)
    PDWU_IRQHandler                          0x000001bf   Thumb Code     0  startup_nano100series.o(.text)
    PWM0_IRQHandler                          0x000001bf   Thumb Code     0  startup_nano100series.o(.text)
    PWM1_IRQHandler                          0x000001bf   Thumb Code     0  startup_nano100series.o(.text)
    RTC_IRQHandler                           0x000001bf   Thumb Code     0  startup_nano100series.o(.text)
    SC0_IRQHandler                           0x000001bf   Thumb Code     0  startup_nano100series.o(.text)
    SC1_IRQHandler                           0x000001bf   Thumb Code     0  startup_nano100series.o(.text)
    SC2_IRQHandler                           0x000001bf   Thumb Code     0  startup_nano100series.o(.text)
    SPI0_IRQHandler                          0x000001bf   Thumb Code     0  startup_nano100series.o(.text)
    SPI1_IRQHandler                          0x000001bf   Thumb Code     0  startup_nano100series.o(.text)
    SPI2_IRQHandler                          0x000001bf   Thumb Code     0  startup_nano100series.o(.text)
    TMR1_IRQHandler                          0x000001bf   Thumb Code     0  startup_nano100series.o(.text)
    TMR2_IRQHandler                          0x000001bf   Thumb Code     0  startup_nano100series.o(.text)
    TMR3_IRQHandler                          0x000001bf   Thumb Code     0  startup_nano100series.o(.text)
    USBD_IRQHandler                          0x000001bf   Thumb Code     0  startup_nano100series.o(.text)
    WDT_IRQHandler                           0x000001bf   Thumb Code     0  startup_nano100series.o(.text)
    __user_initial_stackheap                 0x000001c1   Thumb Code     0  startup_nano100series.o(.text)
    __2printf                                0x000001f9   Thumb Code    22  noretval__2printf.o(.text)
    _printf_int_dec                          0x00000215   Thumb Code    90  _printf_dec.o(.text)
    _printf_int_hex                          0x00000281   Thumb Code    84  _printf_hex_int.o(.text)
    _printf_longlong_hex                     0x00000281   Thumb Code     0  _printf_hex_int.o(.text)
    __printf                                 0x000002d9   Thumb Code   270  __printf_wp.o(.text)
    __aeabi_uidiv                            0x000003e7   Thumb Code     0  aeabi_sdiv.o(.text)
    __aeabi_uidivmod                         0x000003e7   Thumb Code    20  aeabi_sdiv.o(.text)
    __aeabi_idiv                             0x000003fb   Thumb Code     0  aeabi_sdiv.o(.text)
    __aeabi_idivmod                          0x000003fb   Thumb Code   326  aeabi_sdiv.o(.text)
    __use_two_region_memory                  0x00000541   Thumb Code     2  heapauxi.o(.text)
    __rt_heap_escrow$2region                 0x00000543   Thumb Code     2  heapauxi.o(.text)
    __rt_heap_expand$2region                 0x00000545   Thumb Code     2  heapauxi.o(.text)
    _printf_int_common                       0x00000547   Thumb Code   176  _printf_intcommon.o(.text)
    _printf_char_file                        0x000005f9   Thumb Code    34  _printf_char_file.o(.text)
    __rt_udiv10                              0x00000621   Thumb Code    40  rtudiv10.o(.text)
    _printf_char_common                      0x00000653   Thumb Code    32  _printf_char_common.o(.text)
    __user_setup_stackheap                   0x00000679   Thumb Code    62  sys_stackheap_outer.o(.text)
    exit                                     0x000006b7   Thumb Code    16  exit.o(.text)
    __user_libspace                          0x000006c9   Thumb Code     8  libspace.o(.text)
    __user_perproc_libspace                  0x000006c9   Thumb Code     0  libspace.o(.text)
    __user_perthread_libspace                0x000006c9   Thumb Code     0  libspace.o(.text)
    _sys_exit                                0x000006d1   Thumb Code     8  sys_exit.o(.text)
    __I$use$semihosting                      0x000006dd   Thumb Code     0  use_no_semi.o(.text)
    __use_no_semihosting_swi                 0x000006dd   Thumb Code     2  use_no_semi.o(.text)
    __semihosting_library_function           0x000006df   Thumb Code     0  indicate_semi.o(.text)
    CLK_EnableModuleClock                    0x000006e1   Thumb Code    32  clk.o(i.CLK_EnableModuleClock)
    CLK_EnableXtalRC                         0x00000705   Thumb Code    72  clk.o(i.CLK_EnableXtalRC)
    CLK_SetHCLK                              0x00000751   Thumb Code    94  clk.o(i.CLK_SetHCLK)
    CLK_SetModuleClock                       0x000007b5   Thumb Code    94  clk.o(i.CLK_SetModuleClock)
    CLK_WaitClockReady                       0x00000819   Thumb Code    32  clk.o(i.CLK_WaitClockReady)
    GPIO_SetMode                             0x00000841   Thumb Code    46  gpio.o(i.GPIO_SetMode)
    Hard_Fault_Handler                       0x00000871   Thumb Code    18  retarget.o(i.Hard_Fault_Handler)
    SendChar                                 0x00000955   Thumb Code    12  retarget.o(i.SendChar)
    SendChar_ToUART                          0x00000961   Thumb Code    26  retarget.o(i.SendChar_ToUART)
    SysGet_HCLKFreq                          0x00000985   Thumb Code    68  system_nano100series.o(i.SysGet_HCLKFreq)
    SysGet_PLLClockFreq                      0x000009d5   Thumb Code   120  system_nano100series.o(i.SysGet_PLLClockFreq)
    SysTick_Handler                          0x00000a55   Thumb Code    12  main.o(i.SysTick_Handler)
    SystemCoreClockUpdate                    0x00000a65   Thumb Code    30  system_nano100series.o(i.SystemCoreClockUpdate)
    TIMER_GetModuleClock                     0x00000a91   Thumb Code   102  timer.o(i.TIMER_GetModuleClock)
    TIMER_Open                               0x00000b11   Thumb Code   102  timer.o(i.TIMER_Open)
    TMR0_IRQHandler                          0x00000b79   Thumb Code    12  main.o(i.TMR0_IRQHandler)
    UART0_IRQHandler                         0x00000b89   Thumb Code    10  main.o(i.UART0_IRQHandler)
    UART1_IRQHandler                         0x00000b99   Thumb Code    10  main.o(i.UART1_IRQHandler)
    UART_Open                                0x00000ba9   Thumb Code   146  uart.o(i.UART_Open)
    _is_digit                                0x00000c49   Thumb Code    14  __printf_wp.o(i._is_digit)
    delay_ms                                 0x00000c65   Thumb Code    18  main.o(i.delay_ms)
    ferror                                   0x00000c7d   Thumb Code     8  retarget.o(i.ferror)
    fputc                                    0x00000c85   Thumb Code    16  retarget.o(i.fputc)
    i2c_read                                 0x00000c95   Thumb Code   384  myi2c.o(i.i2c_read)
    i2c_start                                0x00000e19   Thumb Code    92  myi2c.o(i.i2c_start)
    i2c_stop                                 0x00000e7d   Thumb Code    40  myi2c.o(i.i2c_stop)
    i2c_write                                0x00000ea9   Thumb Code   310  myi2c.o(i.i2c_write)
    init                                     0x00000fe5   Thumb Code    58  main.o(i.init)
    initMax30102                             0x0000102d   Thumb Code  1048  main.o(i.initMax30102)
    init_HCLK                                0x00001445   Thumb Code    32  main.o(i.init_HCLK)
    init_TIMER0                              0x00001465   Thumb Code    78  main.o(i.init_TIMER0)
    init_UART0                               0x000014bd   Thumb Code    86  main.o(i.init_UART0)
    init_UART1                               0x0000151d   Thumb Code   122  main.o(i.init_UART1)
    main                                     0x000015a1   Thumb Code   408  main.o(i.main)
    stackDump                                0x00001765   Thumb Code    70  retarget.o(i.stackDump)
    Region$$Table$$Base                      0x00001874   Number         0  anon$$obj.o(Region$$Table)
    Region$$Table$$Limit                     0x00001894   Number         0  anon$$obj.o(Region$$Table)
    i                                        0x20000000   Data           4  main.o(.data)
    j                                        0x20000004   Data           4  main.o(.data)
    r                                        0x20000008   Data           4  main.o(.data)
    REDans                                   0x2000000c   Data           4  main.o(.data)
    newREDans                                0x20000010   Data           4  main.o(.data)
    oldREDans                                0x20000014   Data           4  main.o(.data)
    IRans                                    0x20000018   Data           4  main.o(.data)
    newIRans                                 0x2000001c   Data           4  main.o(.data)
    oldIRans                                 0x20000020   Data           4  main.o(.data)
    SpO2ans                                  0x20000024   Data           4  main.o(.data)
    FIFOread                                 0x20000028   Data           1  main.o(.data)
    FIFOWrite                                0x20000029   Data           1  main.o(.data)
    oldFIFOWrite                             0x2000002a   Data           1  main.o(.data)
    tick                                     0x2000002c   Data           4  main.o(.data)
    partID                                   0x20000030   Data           1  main.o(.data)
    revisionID                               0x20000031   Data           1  main.o(.data)
    mode                                     0x20000032   Data           1  main.o(.data)
    SPO2                                     0x20000033   Data           1  main.o(.data)
    MultiLED1                                0x20000034   Data           1  main.o(.data)
    MultiLED2                                0x20000035   Data           1  main.o(.data)
    fifo                                     0x20000036   Data           1  main.o(.data)
    FIFO                                     0x20000037   Data           1  main.o(.data)
    LED_RED                                  0x20000038   Data           1  main.o(.data)
    LED_IR                                   0x20000039   Data           1  main.o(.data)
    myFIFO_Write_Pointer                     0x2000003a   Data           1  main.o(.data)
    myFIFO_Read_Pointer                      0x2000003b   Data           1  main.o(.data)
    myFIFO_Overflow_Counter                  0x2000003c   Data           1  main.o(.data)
    ALLans                                   0x20000040   Data           4  main.o(.data)
    __stdout                                 0x20000044   Data           4  retarget.o(.data)
    __stdin                                  0x20000048   Data           4  retarget.o(.data)
    SystemCoreClock                          0x2000004c   Data           4  system_nano100series.o(.data)
    CyclesPerUs                              0x20000050   Data           4  system_nano100series.o(.data)
    b                                        0x20000054   Data          32  main.o(.bss)
    MAX30102data                             0x20000074   Data          36  main.o(.bss)
    __libspace_start                         0x20000098   Data          96  libspace.o(.bss)
    __temporary_stack_top$libspace           0x200000f8   Data           0  libspace.o(.bss)



==============================================================================

Memory Map of the image

  Image Entry point : 0x00000199

  Load Region LR_1 (Base: 0x00000000, Size: 0x000018e8, Max: 0xffffffff, ABSOLUTE)

    Execution Region ER_RO (Base: 0x00000000, Size: 0x00001894, Max: 0xffffffff, ABSOLUTE)

    Base Addr    Size         Type   Attr      Idx    E Section Name        Object

    0x00000000   0x000000c0   Data   RO         1036    RESET               startup_nano100series.o
    0x000000c0   0x00000008   Code   RO         1145  * !!!main             c_p.l(__main.o)
    0x000000c8   0x0000003c   Code   RO         1329    !!!scatter          c_p.l(__scatter.o)
    0x00000104   0x0000001a   Code   RO         1331    !!handler_copy      c_p.l(__scatter_copy.o)
    0x0000011e   0x00000002   PAD
    0x00000120   0x0000001c   Code   RO         1333    !!handler_zi        c_p.l(__scatter_zi.o)
    0x0000013c   0x00000002   Code   RO         1134    .ARM.Collect$$_printf_percent$$00000000  c_p.l(_printf_percent.o)
    0x0000013e   0x0000000a   Code   RO         1133    .ARM.Collect$$_printf_percent$$00000009  c_p.l(_printf_d.o)
    0x00000148   0x0000000a   Code   RO         1132    .ARM.Collect$$_printf_percent$$0000000C  c_p.l(_printf_x.o)
    0x00000152   0x00000004   Code   RO         1158    .ARM.Collect$$_printf_percent$$00000017  c_p.l(_printf_percent_end.o)
    0x00000156   0x00000002   Code   RO         1200    .ARM.Collect$$libinit$$00000000  c_p.l(libinit.o)
    0x00000158   0x00000000   Code   RO         1214    .ARM.Collect$$libinit$$00000002  c_p.l(libinit2.o)
    0x00000158   0x00000000   Code   RO         1216    .ARM.Collect$$libinit$$00000004  c_p.l(libinit2.o)
    0x00000158   0x00000000   Code   RO         1219    .ARM.Collect$$libinit$$0000000A  c_p.l(libinit2.o)
    0x00000158   0x00000000   Code   RO         1221    .ARM.Collect$$libinit$$0000000C  c_p.l(libinit2.o)
    0x00000158   0x00000000   Code   RO         1223    .ARM.Collect$$libinit$$0000000E  c_p.l(libinit2.o)
    0x00000158   0x00000000   Code   RO         1226    .ARM.Collect$$libinit$$00000011  c_p.l(libinit2.o)
    0x00000158   0x00000000   Code   RO         1228    .ARM.Collect$$libinit$$00000013  c_p.l(libinit2.o)
    0x00000158   0x00000000   Code   RO         1230    .ARM.Collect$$libinit$$00000015  c_p.l(libinit2.o)
    0x00000158   0x00000000   Code   RO         1232    .ARM.Collect$$libinit$$00000017  c_p.l(libinit2.o)
    0x00000158   0x00000000   Code   RO         1234    .ARM.Collect$$libinit$$00000019  c_p.l(libinit2.o)
    0x00000158   0x00000000   Code   RO         1236    .ARM.Collect$$libinit$$0000001B  c_p.l(libinit2.o)
    0x00000158   0x00000000   Code   RO         1238    .ARM.Collect$$libinit$$0000001D  c_p.l(libinit2.o)
    0x00000158   0x00000000   Code   RO         1240    .ARM.Collect$$libinit$$0000001F  c_p.l(libinit2.o)
    0x00000158   0x00000000   Code   RO         1242    .ARM.Collect$$libinit$$00000021  c_p.l(libinit2.o)
    0x00000158   0x00000000   Code   RO         1244    .ARM.Collect$$libinit$$00000023  c_p.l(libinit2.o)
    0x00000158   0x00000000   Code   RO         1246    .ARM.Collect$$libinit$$00000025  c_p.l(libinit2.o)
    0x00000158   0x00000000   Code   RO         1250    .ARM.Collect$$libinit$$0000002C  c_p.l(libinit2.o)
    0x00000158   0x00000000   Code   RO         1252    .ARM.Collect$$libinit$$0000002E  c_p.l(libinit2.o)
    0x00000158   0x00000000   Code   RO         1254    .ARM.Collect$$libinit$$00000030  c_p.l(libinit2.o)
    0x00000158   0x00000000   Code   RO         1256    .ARM.Collect$$libinit$$00000032  c_p.l(libinit2.o)
    0x00000158   0x00000002   Code   RO         1257    .ARM.Collect$$libinit$$00000033  c_p.l(libinit2.o)
    0x0000015a   0x00000002   Code   RO         1286    .ARM.Collect$$libshutdown$$00000000  c_p.l(libshutdown.o)
    0x0000015c   0x00000000   Code   RO         1312    .ARM.Collect$$libshutdown$$00000002  c_p.l(libshutdown2.o)
    0x0000015c   0x00000000   Code   RO         1314    .ARM.Collect$$libshutdown$$00000004  c_p.l(libshutdown2.o)
    0x0000015c   0x00000000   Code   RO         1317    .ARM.Collect$$libshutdown$$00000007  c_p.l(libshutdown2.o)
    0x0000015c   0x00000000   Code   RO         1320    .ARM.Collect$$libshutdown$$0000000A  c_p.l(libshutdown2.o)
    0x0000015c   0x00000000   Code   RO         1322    .ARM.Collect$$libshutdown$$0000000C  c_p.l(libshutdown2.o)
    0x0000015c   0x00000000   Code   RO         1325    .ARM.Collect$$libshutdown$$0000000F  c_p.l(libshutdown2.o)
    0x0000015c   0x00000002   Code   RO         1326    .ARM.Collect$$libshutdown$$00000010  c_p.l(libshutdown2.o)
    0x0000015e   0x00000000   Code   RO         1147    .ARM.Collect$$rtentry$$00000000  c_p.l(__rtentry.o)
    0x0000015e   0x00000000   Code   RO         1162    .ARM.Collect$$rtentry$$00000002  c_p.l(__rtentry2.o)
    0x0000015e   0x00000006   Code   RO         1174    .ARM.Collect$$rtentry$$00000004  c_p.l(__rtentry4.o)
    0x00000164   0x00000000   Code   RO         1164    .ARM.Collect$$rtentry$$00000009  c_p.l(__rtentry2.o)
    0x00000164   0x00000004   Code   RO         1165    .ARM.Collect$$rtentry$$0000000A  c_p.l(__rtentry2.o)
    0x00000168   0x00000000   Code   RO         1167    .ARM.Collect$$rtentry$$0000000C  c_p.l(__rtentry2.o)
    0x00000168   0x00000008   Code   RO         1168    .ARM.Collect$$rtentry$$0000000D  c_p.l(__rtentry2.o)
    0x00000170   0x00000002   Code   RO         1205    .ARM.Collect$$rtexit$$00000000  c_p.l(rtexit.o)
    0x00000172   0x00000000   Code   RO         1261    .ARM.Collect$$rtexit$$00000002  c_p.l(rtexit2.o)
    0x00000172   0x00000004   Code   RO         1262    .ARM.Collect$$rtexit$$00000003  c_p.l(rtexit2.o)
    0x00000176   0x00000006   Code   RO         1263    .ARM.Collect$$rtexit$$00000004  c_p.l(rtexit2.o)
    0x0000017c   0x0000001c   Code   RO          945    .emb_text           retarget.o
    0x00000198   0x00000060   Code   RO         1037  * .text               startup_nano100series.o
    0x000001f8   0x0000001c   Code   RO         1085    .text               c_p.l(noretval__2printf.o)
    0x00000214   0x0000006c   Code   RO         1089    .text               c_p.l(_printf_dec.o)
    0x00000280   0x00000058   Code   RO         1094    .text               c_p.l(_printf_hex_int.o)
    0x000002d8   0x0000010e   Code   RO         1120    .text               c_p.l(__printf_wp.o)
    0x000003e6   0x0000015a   Code   RO         1139    .text               c_p.l(aeabi_sdiv.o)
    0x00000540   0x00000006   Code   RO         1143    .text               c_p.l(heapauxi.o)
    0x00000546   0x000000b0   Code   RO         1154    .text               c_p.l(_printf_intcommon.o)
    0x000005f6   0x00000002   PAD
    0x000005f8   0x00000028   Code   RO         1156    .text               c_p.l(_printf_char_file.o)
    0x00000620   0x00000028   Code   RO         1159    .text               c_p.l(rtudiv10.o)
    0x00000648   0x00000030   Code   RO         1182    .text               c_p.l(_printf_char_common.o)
    0x00000678   0x0000003e   Code   RO         1184    .text               c_p.l(sys_stackheap_outer.o)
    0x000006b6   0x00000010   Code   RO         1189    .text               c_p.l(exit.o)
    0x000006c6   0x00000002   PAD
    0x000006c8   0x00000008   Code   RO         1201    .text               c_p.l(libspace.o)
    0x000006d0   0x0000000c   Code   RO         1258    .text               c_p.l(sys_exit.o)
    0x000006dc   0x00000002   Code   RO         1275    .text               c_p.l(use_no_semi.o)
    0x000006de   0x00000000   Code   RO         1277    .text               c_p.l(indicate_semi.o)
    0x000006de   0x00000002   PAD
    0x000006e0   0x00000024   Code   RO          320    i.CLK_EnableModuleClock  clk.o
    0x00000704   0x0000004c   Code   RO          323    i.CLK_EnableXtalRC  clk.o
    0x00000750   0x00000064   Code   RO          332    i.CLK_SetHCLK       clk.o
    0x000007b4   0x00000064   Code   RO          333    i.CLK_SetModuleClock  clk.o
    0x00000818   0x00000028   Code   RO          335    i.CLK_WaitClockReady  clk.o
    0x00000840   0x0000002e   Code   RO          463    i.GPIO_SetMode      gpio.o
    0x0000086e   0x00000002   PAD
    0x00000870   0x0000002c   Code   RO          947    i.Hard_Fault_Handler  retarget.o
    0x0000089c   0x00000014   Code   RO            3    i.NVIC_EnableIRQ    main.o
    0x000008b0   0x00000078   Code   RO            4    i.NVIC_SetPriority  main.o
    0x00000928   0x0000000c   Code   RO            5    i.SYS_LockReg       main.o
    0x00000934   0x00000020   Code   RO            6    i.SYS_UnlockReg     main.o
    0x00000954   0x0000000c   Code   RO          949    i.SendChar          retarget.o
    0x00000960   0x00000024   Code   RO          950    i.SendChar_ToUART   retarget.o
    0x00000984   0x00000050   Code   RO         1043    i.SysGet_HCLKFreq   system_nano100series.o
    0x000009d4   0x00000080   Code   RO         1044    i.SysGet_PLLClockFreq  system_nano100series.o
    0x00000a54   0x00000010   Code   RO            7    i.SysTick_Handler   main.o
    0x00000a64   0x0000002c   Code   RO         1045    i.SystemCoreClockUpdate  system_nano100series.o
    0x00000a90   0x00000080   Code   RO          740    i.TIMER_GetModuleClock  timer.o
    0x00000b10   0x00000066   Code   RO          741    i.TIMER_Open        timer.o
    0x00000b76   0x00000002   PAD
    0x00000b78   0x00000010   Code   RO            8    i.TMR0_IRQHandler   main.o
    0x00000b88   0x00000010   Code   RO            9    i.UART0_IRQHandler  main.o
    0x00000b98   0x00000010   Code   RO           10    i.UART1_IRQHandler  main.o
    0x00000ba8   0x000000a0   Code   RO          827    i.UART_Open         uart.o
    0x00000c48   0x0000000e   Code   RO         1122    i._is_digit         c_p.l(__printf_wp.o)
    0x00000c56   0x0000000c   Code   RO          207    i.delay             myi2c.o
    0x00000c62   0x00000002   PAD
    0x00000c64   0x00000018   Code   RO           11    i.delay_ms          main.o
    0x00000c7c   0x00000008   Code   RO          952    i.ferror            retarget.o
    0x00000c84   0x00000010   Code   RO          954    i.fputc             retarget.o
    0x00000c94   0x00000184   Code   RO          208    i.i2c_read          myi2c.o
    0x00000e18   0x00000064   Code   RO          209    i.i2c_start         myi2c.o
    0x00000e7c   0x0000002c   Code   RO          210    i.i2c_stop          myi2c.o
    0x00000ea8   0x0000013c   Code   RO          211    i.i2c_write         myi2c.o
    0x00000fe4   0x00000048   Code   RO           12    i.init              main.o
    0x0000102c   0x00000418   Code   RO           13    i.initMax30102      main.o
    0x00001444   0x00000020   Code   RO           14    i.init_HCLK         main.o
    0x00001464   0x00000058   Code   RO           15    i.init_TIMER0       main.o
    0x000014bc   0x00000060   Code   RO           16    i.init_UART0        main.o
    0x0000151c   0x00000084   Code   RO           17    i.init_UART1        main.o
    0x000015a0   0x000001c4   Code   RO           18    i.main              main.o
    0x00001764   0x000000a8   Code   RO          956    i.stackDump         retarget.o
    0x0000180c   0x00000010   Data   RO          744    .constdata          timer.o
    0x0000181c   0x00000030   Data   RO          835    .constdata          uart.o
    0x0000184c   0x00000028   Data   RO         1095    .constdata          c_p.l(_printf_hex_int.o)
    0x00001874   0x00000020   Data   RO         1327    Region$$Table       anon$$obj.o


    Execution Region ER_RW (Base: 0x20000000, Size: 0x00000054, Max: 0xffffffff, ABSOLUTE)

    Base Addr    Size         Type   Attr      Idx    E Section Name        Object

    0x20000000   0x00000044   Data   RW           20    .data               main.o
    0x20000044   0x00000008   Data   RW          957    .data               retarget.o
    0x2000004c   0x00000008   Data   RW         1046    .data               system_nano100series.o


    Execution Region ER_ZI (Base: 0x20000054, Size: 0x00000aa4, Max: 0xffffffff, ABSOLUTE)

    Base Addr    Size         Type   Attr      Idx    E Section Name        Object

    0x20000054   0x00000044   Zero   RW           19    .bss                main.o
    0x20000098   0x00000060   Zero   RW         1202    .bss                c_p.l(libspace.o)
    0x200000f8   0x00000500   Zero   RW         1035    HEAP                startup_nano100series.o
    0x200005f8   0x00000500   Zero   RW         1034    STACK               startup_nano100series.o


==============================================================================

Image component sizes


      Code (inc. data)   RO Data    RW Data    ZI Data      Debug   Object Name

       352         28          0          0          0       3151   clk.o
        46          0          0          0          0       1019   gpio.o
      2192        164          0         68         68     161694   main.o
       860         22          0          0          0       3102   myi2c.o
       312        138          0          8          0       5125   retarget.o
        96         46        192          0       2560        628   startup_nano100series.o
       252         34          0          8          0       2166   system_nano100series.o
       230         26         16          0          0       1924   timer.o
       160         14         48          0          0     112660   uart.o

    ----------------------------------------------------------------------
      4506        472        288         84       2628     291469   Object Totals
         0          0         32          0          0          0   (incl. Generated)
         6          0          0          0          0          0   (incl. Padding)

    ----------------------------------------------------------------------

      Code (inc. data)   RO Data    RW Data    ZI Data      Debug   Library Member Name

         8          0          0          0          0         68   __main.o
       284          0          0          0          0        136   __printf_wp.o
         0          0          0          0          0          0   __rtentry.o
        12          0          0          0          0          0   __rtentry2.o
         6          0          0          0          0          0   __rtentry4.o
        60          8          0          0          0          0   __scatter.o
        26          0          0          0          0          0   __scatter_copy.o
        28          0          0          0          0          0   __scatter_zi.o
        48          6          0          0          0         88   _printf_char_common.o
        40          6          0          0          0         72   _printf_char_file.o
        10          0          0          0          0          0   _printf_d.o
       108         18          0          0          0         76   _printf_dec.o
        88          4         40          0          0         72   _printf_hex_int.o
       176          0          0          0          0         84   _printf_intcommon.o
         2          0          0          0          0          0   _printf_percent.o
         4          0          0          0          0          0   _printf_percent_end.o
        10          0          0          0          0          0   _printf_x.o
       346          0          0          0          0         92   aeabi_sdiv.o
        16          0          0          0          0         68   exit.o
         6          0          0          0          0        136   heapauxi.o
         0          0          0          0          0          0   indicate_semi.o
         2          0          0          0          0          0   libinit.o
         2          0          0          0          0          0   libinit2.o
         2          0          0          0          0          0   libshutdown.o
         2          0          0          0          0          0   libshutdown2.o
         8          4          0          0         96         68   libspace.o
        28          6          0          0          0         84   noretval__2printf.o
         2          0          0          0          0          0   rtexit.o
        10          0          0          0          0          0   rtexit2.o
        40          0          0          0          0         60   rtudiv10.o
        12          4          0          0          0         60   sys_exit.o
        62          0          0          0          0         80   sys_stackheap_outer.o
         2          0          0          0          0         68   use_no_semi.o

    ----------------------------------------------------------------------
      1458         56         40          0         96       1312   Library Totals
         8          0          0          0          0          0   (incl. Padding)

    ----------------------------------------------------------------------

      Code (inc. data)   RO Data    RW Data    ZI Data      Debug   Library Name

      1450         56         40          0         96       1312   c_p.l

    ----------------------------------------------------------------------
      1458         56         40          0         96       1312   Library Totals

    ----------------------------------------------------------------------

==============================================================================


      Code (inc. data)   RO Data    RW Data    ZI Data      Debug   

      5964        528        328         84       2724     290561   Grand Totals
      5964        528        328         84       2724     290561   ELF Image Totals
      5964        528        328         84          0          0   ROM Totals

==============================================================================

    Total RO  Size (Code + RO Data)                 6292 (   6.14kB)
    Total RW  Size (RW Data + ZI Data)              2808 (   2.74kB)
    Total ROM Size (Code + RO Data + RW Data)       6376 (   6.23kB)

==============================================================================

